=== QUASAR v9 3q GHZ Benchmark - Seed 456 ===
Node: 4f366791b977
GPU: N/A
Python: Python 3.11.0rc1
Start: Tue Jun 9 04:26:50 UTC 2026
07:26:03 [QUASAR] INFO: CUDA_VISIBLE_DEVICES=0
07:26:03 [QUASAR] INFO: ======================================================================
07:26:03 [QUASAR] INFO: QUASAR v9.0 — CAMEL-Q Hybrid Actor + T-SAC Curriculum
07:26:03 [QUASAR] INFO: ======================================================================
07:26:03 [QUASAR] INFO: Mode            : TRAIN
07:26:03 [QUASAR] INFO: Device profile  : SIMOS
07:26:03 [QUASAR] INFO: Curriculum stages: 3
07:26:03 [QUASAR] INFO: Max steps/stage : 500,000
07:26:03 [QUASAR] INFO: Target fidelity : 0.99
07:26:03 [QUASAR] INFO: Effective batch : 512
07:26:03 [QUASAR] INFO: CUDA available  : True
07:26:03 [QUASAR] INFO:   GPU 0: NVIDIA A100-PCIE-40GB
07:26:03 [QUASAR] INFO: Active components: ['vapor_lite', 'swdft', 'erl', 'sdft', 'ttt', 'brfd', 'pbt']
07:26:03 [QUASAR] INFO: ======================================================================
07:26:03 [quasar.v9_0.components] INFO: [Registry] Component activation: 
  vapor_lite     [ON ]
  swdft          [ON ]
  erl            [ON ]
  sdft           [ON ]
  ttt            [ON ]
  brfd           [ON ]
  dehb_inner     [off]
  pbt            [ON ]
  hmrl           [off]
  sequraity_hmrl [off]
07:26:03 [quasar.v9_0.components] INFO: [Registry] VAPOR-lite: Q-ensemble critic installed.
07:26:03 [quasar.v9_0.components] INFO: [Registry] BRFD: Bi-level reward optimiser ready.
07:26:03 [quasar.v9_0.components] INFO: [Registry] SWDFT: Sliding-Window DFT monitor ready.
07:26:03 [quasar.v9_0.components] INFO: [Registry] ERL: Experiential Reflection Loop (Shi et al. 2025) ready.
07:26:03 [quasar.v9_0.components] INFO: [Registry] SDFT: Self-Distillation Fine-Tuning ready.
07:26:03 [quasar.v9_0.components] INFO: [Registry] TTT: Test-Time Training ready.
07:26:03 [quasar.v9_0.components] INFO: [Registry] PBT: Elite-Preservation PBT ready.
07:26:03 [quasar.v9_0.components] INFO: [Registry] vapor_lite     [ON ] mode=proactive  subscriptions=['trainer_created']
07:26:03 [quasar.v9_0.components] INFO: [Registry] brfd           [ON ] mode=proactive  subscriptions=['stage_start', 'step_complete']
07:26:03 [quasar.v9_0.components] INFO: [Registry] swdft          [ON ] mode=proactive  subscriptions=['eval_complete']
07:26:03 [quasar.v9_0.components] INFO: [Registry] erl            [ON ] mode=reactive   subscriptions=['stagnation_detected', 'bond_collapse', 'stage_start']
07:26:03 [quasar.v9_0.components] INFO: [Registry] sdft           [ON ] mode=reactive   subscriptions=['erl_complete', 'stage_complete']
07:26:03 [quasar.v9_0.components] INFO: [Registry] ttt            [ON ] mode=reactive   subscriptions=['sdft_complete']
07:26:03 [quasar.v9_0.components] INFO: [Registry] pbt            [ON ] mode=boundary   subscriptions=['stage_complete']
07:26:03 [quasar.v9_0.components] INFO: [Registry] Build complete. Active components: ['vapor_lite', 'brfd', 'swdft', 'erl', 'sdft', 'ttt', 'pbt']
07:26:03 [QUASAR.curriculum] INFO: 
======================================================================
07:26:03 [QUASAR.curriculum] INFO: STAGE 0: 3 qubits (SIMOS)
07:26:03 [QUASAR.curriculum] INFO: ======================================================================
07:26:03 [QUASAR.env] INFO: SiliQunEnvAdapter: n_qubits=3, device=simos, max_bond_dim=4 (chi=2^2), svd_cutoff=1e-14
07:26:03 [QUASAR.env] INFO:   obs_dim=10, act_dim=10, episode_length=80, sim_mode=mps
07:26:03 [QUASAR.curriculum] INFO: Stage 0: initialising networks from scratch
07:26:07 [QUASAR.trainer] INFO: T-SAC transfer: obs (10→10), act (10→10), qubits (3→3), gumbel_temp reset 1.0000→1.0000
07:26:07 [QUASAR.curriculum] INFO:   obs_dim=10, act_dim=10, max_steps=500,000, target_fidelity=0.99
07:26:10 [QUASAR.curriculum] INFO: Stage 0 | Step   2,000 | F=0.3006 | noise=0.0000 | bond=[2, 2] | alpha=0.0000 | tau_g=1.0000
07:26:13 [QUASAR.curriculum] INFO: Stage 0 | Step   4,000 | F=0.0096 | noise=0.0000 | bond=[2, 2] | alpha=0.0000 | tau_g=1.0000
07:26:32 [QUASAR.curriculum] INFO: Stage 0 EVAL | Step   5,000 | F_eval=0.6387 | best=0.0000 | elapsed=25s
07:26:32 [QUASAR.curriculum] INFO:   Checkpoint saved: quasar_v9_stage0_best.pt (F=0.6387)
07:26:41 [QUASAR.curriculum] INFO: Stage 0 | Step   6,000 | F=0.0217 | noise=0.0000 | bond=[2, 2] | alpha=0.2000 | tau_g=0.9901
07:26:58 [QUASAR.curriculum] INFO: Stage 0 | Step   8,000 | F=0.2015 | noise=0.0000 | bond=[2, 2] | alpha=0.2000 | tau_g=0.9704
07:27:15 [QUASAR.curriculum] INFO: Stage 0 | Step  10,000 | F=0.0258 | noise=0.0000 | bond=[2, 2] | alpha=0.2000 | tau_g=0.9512
07:27:32 [QUASAR.curriculum] INFO: Stage 0 EVAL | Step  10,000 | F_eval=0.5799 | best=0.6387 | elapsed=85s
07:27:47 [QUASAR.curriculum] INFO: Stage 0 | Step  12,000 | F=0.1095 | noise=0.0000 | bond=[2, 2] | alpha=0.2000 | tau_g=0.9324
07:28:03 [QUASAR.curriculum] INFO: Stage 0 | Step  14,000 | F=0.0200 | noise=0.0000 | bond=[2, 2] | alpha=0.2000 | tau_g=0.9139
07:28:27 [QUASAR.curriculum] INFO: Stage 0 EVAL | Step  15,000 | F_eval=0.5502 | best=0.6387 | elapsed=140s
07:28:35 [QUASAR.curriculum] INFO: Stage 0 | Step  16,000 | F=0.0204 | noise=0.0000 | bond=[2, 2] | alpha=0.2000 | tau_g=0.8958
07:28:50 [QUASAR.curriculum] INFO: Stage 0 | Step  18,000 | F=0.1863 | noise=0.0000 | bond=[2, 2] | alpha=0.2000 | tau_g=0.8781
07:29:06 [QUASAR.curriculum] INFO: Stage 0 | Step  20,000 | F=0.1645 | noise=0.0000 | bond=[2, 2] | alpha=0.2000 | tau_g=0.8607
07:29:22 [QUASAR.curriculum] INFO: Stage 0 EVAL | Step  20,000 | F_eval=0.5476 | best=0.6387 | elapsed=195s
07:29:41 [QUASAR.curriculum] INFO: Stage 0 | Step  22,000 | F=0.0174 | noise=0.0000 | bond=[2, 2] | alpha=0.2000 | tau_g=0.8437
07:30:00 [QUASAR.curriculum] INFO: Stage 0 | Step  24,000 | F=0.0654 | noise=0.0000 | bond=[2, 2] | alpha=0.2000 | tau_g=0.8270
07:30:27 [QUASAR.curriculum] INFO: Stage 0 EVAL | Step  25,000 | F_eval=0.5533 | best=0.6387 | elapsed=260s
07:30:37 [QUASAR.curriculum] INFO: Stage 0 | Step  26,000 | F=0.0710 | noise=0.0000 | bond=[1, 2] | alpha=0.2000 | tau_g=0.8106
07:30:56 [QUASAR.curriculum] INFO: Stage 0 | Step  28,000 | F=0.0346 | noise=0.0000 | bond=[1, 2] | alpha=0.2000 | tau_g=0.7945
07:31:15 [QUASAR.curriculum] INFO: Stage 0 | Step  30,000 | F=0.3542 | noise=0.0000 | bond=[2, 1] | alpha=0.2000 | tau_g=0.7788
07:31:33 [QUASAR.curriculum] INFO: Stage 0 EVAL | Step  30,000 | F_eval=0.5430 | best=0.6387 | elapsed=327s
07:31:49 [QUASAR.curriculum] INFO: Stage 0 | Step  32,000 | F=0.1655 | noise=0.0000 | bond=[2, 2] | alpha=0.2000 | tau_g=0.7634
07:32:04 [QUASAR.curriculum] INFO: Stage 0 | Step  34,000 | F=0.1567 | noise=0.0000 | bond=[1, 2] | alpha=0.2000 | tau_g=0.7483
07:32:29 [QUASAR.curriculum] INFO: Stage 0 EVAL | Step  35,000 | F_eval=0.5048 | best=0.6387 | elapsed=382s
07:32:36 [QUASAR.curriculum] INFO: Stage 0 | Step  36,000 | F=0.1264 | noise=0.0000 | bond=[1, 2] | alpha=0.2000 | tau_g=0.7334
07:32:52 [QUASAR.curriculum] INFO: Stage 0 | Step  38,000 | F=0.3526 | noise=0.0000 | bond=[1, 2] | alpha=0.2000 | tau_g=0.7189
07:33:07 [QUASAR.curriculum] INFO: Stage 0 | Step  40,000 | F=0.3714 | noise=0.0000 | bond=[1, 2] | alpha=0.2000 | tau_g=0.7047
07:33:24 [QUASAR.curriculum] INFO: Stage 0 EVAL | Step  40,000 | F_eval=0.5226 | best=0.6387 | elapsed=438s
07:33:40 [QUASAR.curriculum] INFO: Stage 0 | Step  42,000 | F=0.2511 | noise=0.0000 | bond=[2, 2] | alpha=0.2000 | tau_g=0.6907
07:33:55 [QUASAR.curriculum] INFO: Stage 0 | Step  44,000 | F=0.0151 | noise=0.0000 | bond=[2, 2] | alpha=0.2000 | tau_g=0.6771
07:34:19 [QUASAR.curriculum] INFO: Stage 0 EVAL | Step  45,000 | F_eval=0.5527 | best=0.6387 | elapsed=493s
07:34:28 [QUASAR.curriculum] INFO: Stage 0 | Step  46,000 | F=0.0585 | noise=0.0000 | bond=[1, 2] | alpha=0.2000 | tau_g=0.6636
07:34:44 [QUASAR.curriculum] INFO: Stage 0 | Step  48,000 | F=0.2890 | noise=0.0000 | bond=[1, 1] | alpha=0.2000 | tau_g=0.6505
07:35:01 [QUASAR.curriculum] INFO: Stage 0 | Step  50,000 | F=0.0849 | noise=0.0000 | bond=[1, 2] | alpha=0.1999 | tau_g=0.6376
07:35:17 [QUASAR.curriculum] INFO: Stage 0 EVAL | Step  50,000 | F_eval=0.5283 | best=0.6387 | elapsed=550s
07:35:37 [QUASAR.curriculum] INFO: Stage 0 | Step  52,000 | F=0.0829 | noise=0.0000 | bond=[2, 1] | alpha=0.1722 | tau_g=0.6250
07:35:58 [QUASAR.curriculum] INFO: Stage 0 | Step  54,000 | F=0.0174 | noise=0.0000 | bond=[1, 2] | alpha=0.1484 | tau_g=0.6126
07:36:26 [QUASAR.curriculum] INFO: Stage 0 EVAL | Step  55,000 | F_eval=0.5793 | best=0.6387 | elapsed=619s
07:36:34 [QUASAR.curriculum] INFO: Stage 0 | Step  56,000 | F=0.5000 | noise=0.0000 | bond=[1, 1] | alpha=0.1281 | tau_g=0.6005
07:36:52 [QUASAR.curriculum] INFO: Stage 0 | Step  58,000 | F=0.0002 | noise=0.0000 | bond=[2, 2] | alpha=0.1109 | tau_g=0.5886
07:37:09 [QUASAR.curriculum] INFO: Stage 0 | Step  60,000 | F=0.0735 | noise=0.0000 | bond=[1, 2] | alpha=0.0963 | tau_g=0.5770
07:37:25 [QUASAR.curriculum] INFO: Stage 0 EVAL | Step  60,000 | F_eval=0.4991 | best=0.6387 | elapsed=678s
07:37:42 [QUASAR.curriculum] INFO: Stage 0 | Step  62,000 | F=0.0621 | noise=0.0000 | bond=[2, 2] | alpha=0.0834 | tau_g=0.5655
07:38:00 [QUASAR.curriculum] INFO: Stage 0 | Step  64,000 | F=0.1765 | noise=0.0000 | bond=[2, 2] | alpha=0.0725 | tau_g=0.5543
07:38:25 [QUASAR.curriculum] INFO: Stage 0 EVAL | Step  65,000 | F_eval=0.5239 | best=0.6387 | elapsed=738s
07:38:34 [QUASAR.curriculum] INFO: Stage 0 | Step  66,000 | F=0.0968 | noise=0.0000 | bond=[2, 1] | alpha=0.0628 | tau_g=0.5434
07:38:51 [QUASAR.curriculum] INFO: Stage 0 | Step  68,000 | F=0.1876 | noise=0.0000 | bond=[1, 2] | alpha=0.0545 | tau_g=0.5326
07:39:08 [QUASAR.curriculum] INFO: Stage 0 | Step  70,000 | F=0.5000 | noise=0.0000 | bond=[1, 1] | alpha=0.0500 | tau_g=0.5220
07:39:24 [QUASAR.curriculum] INFO: Stage 0 EVAL | Step  70,000 | F_eval=0.5000 | best=0.6387 | elapsed=798s
07:39:42 [QUASAR.curriculum] INFO: Stage 0 | Step  72,000 | F=0.1223 | noise=0.0000 | bond=[2, 2] | alpha=0.0500 | tau_g=0.5117
07:39:59 [QUASAR.curriculum] INFO: Stage 0 | Step  74,000 | F=0.0059 | noise=0.0000 | bond=[1, 2] | alpha=0.0500 | tau_g=0.5016
07:40:24 [QUASAR.curriculum] INFO: Stage 0 EVAL | Step  75,000 | F_eval=0.5247 | best=0.6387 | elapsed=857s
07:40:33 [QUASAR.curriculum] INFO: Stage 0 | Step  76,000 | F=0.0630 | noise=0.0000 | bond=[1, 1] | alpha=0.0500 | tau_g=0.4916
07:40:50 [QUASAR.curriculum] INFO: Stage 0 | Step  78,000 | F=0.0811 | noise=0.0000 | bond=[2, 2] | alpha=0.0500 | tau_g=0.4819
07:41:08 [QUASAR.curriculum] INFO: Stage 0 | Step  80,000 | F=0.1706 | noise=0.0000 | bond=[1, 1] | alpha=0.0500 | tau_g=0.4724
07:41:24 [QUASAR.curriculum] INFO: Stage 0 EVAL | Step  80,000 | F_eval=0.5140 | best=0.6387 | elapsed=917s
07:41:44 [QUASAR.curriculum] INFO: Stage 0 | Step  82,000 | F=0.4054 | noise=0.0000 | bond=[2, 2] | alpha=0.0500 | tau_g=0.4630
07:42:04 [QUASAR.curriculum] INFO: Stage 0 | Step  84,000 | F=0.1043 | noise=0.0000 | bond=[2, 2] | alpha=0.0500 | tau_g=0.4538
07:42:32 [QUASAR.curriculum] INFO: Stage 0 EVAL | Step  85,000 | F_eval=0.5107 | best=0.6387 | elapsed=985s
07:42:41 [QUASAR.curriculum] INFO: Stage 0 | Step  86,000 | F=0.0769 | noise=0.0000 | bond=[2, 2] | alpha=0.0500 | tau_g=0.4449
07:42:58 [QUASAR.curriculum] INFO: Stage 0 | Step  88,000 | F=0.1870 | noise=0.0000 | bond=[1, 1] | alpha=0.0500 | tau_g=0.4361
07:43:16 [QUASAR.curriculum] INFO: Stage 0 | Step  90,000 | F=0.0233 | noise=0.0000 | bond=[1, 2] | alpha=0.0500 | tau_g=0.4274
07:43:32 [QUASAR.curriculum] INFO: Stage 0 EVAL | Step  90,000 | F_eval=0.5010 | best=0.6387 | elapsed=1045s
07:43:49 [QUASAR.curriculum] INFO: Stage 0 | Step  92,000 | F=0.0190 | noise=0.0000 | bond=[1, 2] | alpha=0.0500 | tau_g=0.4190
07:44:07 [QUASAR.curriculum] INFO: Stage 0 | Step  94,000 | F=0.1307 | noise=0.0000 | bond=[2, 1] | alpha=0.0500 | tau_g=0.4107
07:44:31 [QUASAR.curriculum] INFO: Stage 0 EVAL | Step  95,000 | F_eval=0.5011 | best=0.6387 | elapsed=1105s
07:44:40 [QUASAR.curriculum] INFO: Stage 0 | Step  96,000 | F=0.2473 | noise=0.0000 | bond=[2, 2] | alpha=0.0500 | tau_g=0.4025
07:44:58 [QUASAR.curriculum] INFO: Stage 0 | Step  98,000 | F=0.0000 | noise=0.0000 | bond=[1, 1] | alpha=0.0500 | tau_g=0.3946
07:45:15 [QUASAR.curriculum] INFO: Stage 0 | Step 100,000 | F=0.0167 | noise=0.0000 | bond=[1, 2] | alpha=0.0500 | tau_g=0.3867
07:45:31 [QUASAR.curriculum] INFO: Stage 0 EVAL | Step 100,000 | F_eval=0.5205 | best=0.6387 | elapsed=1164s
07:45:48 [QUASAR.curriculum] INFO: Stage 0 | Step 102,000 | F=0.1541 | noise=0.0000 | bond=[1, 2] | alpha=0.0500 | tau_g=0.3791
07:46:05 [QUASAR.curriculum] INFO: Stage 0 | Step 104,000 | F=0.1604 | noise=0.0000 | bond=[2, 2] | alpha=0.0500 | tau_g=0.3716
07:46:30 [QUASAR.curriculum] INFO: Stage 0 EVAL | Step 105,000 | F_eval=0.5000 | best=0.6387 | elapsed=1224s
07:46:39 [QUASAR.curriculum] INFO: Stage 0 | Step 106,000 | F=0.1107 | noise=0.0000 | bond=[2, 2] | alpha=0.0500 | tau_g=0.3642
07:46:56 [QUASAR.curriculum] INFO: Stage 0 | Step 108,000 | F=0.0163 | noise=0.0000 | bond=[2, 2] | alpha=0.0500 | tau_g=0.3570
07:47:14 [QUASAR.curriculum] INFO: Stage 0 | Step 110,000 | F=0.1764 | noise=0.0000 | bond=[1, 2] | alpha=0.0500 | tau_g=0.3499
07:47:29 [QUASAR.curriculum] INFO: Stage 0 EVAL | Step 110,000 | F_eval=0.5000 | best=0.6387 | elapsed=1283s
07:47:47 [QUASAR.curriculum] INFO: Stage 0 | Step 112,000 | F=0.0015 | noise=0.0000 | bond=[2, 2] | alpha=0.0500 | tau_g=0.3430
07:48:04 [QUASAR.curriculum] INFO: Stage 0 | Step 114,000 | F=0.0371 | noise=0.0000 | bond=[1, 2] | alpha=0.0500 | tau_g=0.3362
07:48:29 [QUASAR.curriculum] INFO: Stage 0 EVAL | Step 115,000 | F_eval=0.5254 | best=0.6387 | elapsed=1343s
07:48:38 [QUASAR.curriculum] INFO: Stage 0 | Step 116,000 | F=0.3858 | noise=0.0000 | bond=[1, 2] | alpha=0.0500 | tau_g=0.3296
07:48:55 [QUASAR.curriculum] INFO: Stage 0 | Step 118,000 | F=0.1968 | noise=0.0000 | bond=[1, 2] | alpha=0.0500 | tau_g=0.3230
07:49:13 [QUASAR.curriculum] INFO: Stage 0 | Step 120,000 | F=0.1816 | noise=0.0000 | bond=[1, 2] | alpha=0.0500 | tau_g=0.3166
07:49:29 [QUASAR.curriculum] INFO: Stage 0 EVAL | Step 120,000 | F_eval=0.5055 | best=0.6387 | elapsed=1403s
07:49:47 [QUASAR.curriculum] INFO: Stage 0 | Step 122,000 | F=0.5000 | noise=0.0000 | bond=[1, 1] | alpha=0.0500 | tau_g=0.3104
07:50:04 [QUASAR.curriculum] INFO: Stage 0 | Step 124,000 | F=0.2017 | noise=0.0000 | bond=[1, 2] | alpha=0.0500 | tau_g=0.3042
07:50:29 [QUASAR.curriculum] INFO: Stage 0 EVAL | Step 125,000 | F_eval=0.5101 | best=0.6387 | elapsed=1462s
07:50:37 [QUASAR.curriculum] INFO: Stage 0 | Step 126,000 | F=0.5000 | noise=0.0000 | bond=[1, 1] | alpha=0.0500 | tau_g=0.3000
07:50:55 [QUASAR.curriculum] INFO: Stage 0 | Step 128,000 | F=0.2607 | noise=0.0000 | bond=[1, 2] | alpha=0.0500 | tau_g=0.3000
07:51:12 [QUASAR.curriculum] INFO: Stage 0 | Step 130,000 | F=0.0698 | noise=0.0000 | bond=[1, 2] | alpha=0.0500 | tau_g=0.3000
07:51:28 [QUASAR.curriculum] INFO: Stage 0 EVAL | Step 130,000 | F_eval=0.4999 | best=0.6387 | elapsed=1522s
07:51:46 [QUASAR.curriculum] INFO: Stage 0 | Step 132,000 | F=0.1816 | noise=0.0000 | bond=[2, 2] | alpha=0.0500 | tau_g=0.3000
07:52:03 [QUASAR.curriculum] INFO: Stage 0 | Step 134,000 | F=0.0230 | noise=0.0000 | bond=[2, 2] | alpha=0.0500 | tau_g=0.3000
07:52:28 [QUASAR.curriculum] INFO: Stage 0 EVAL | Step 135,000 | F_eval=0.5000 | best=0.6387 | elapsed=1581s
07:52:36 [QUASAR.curriculum] INFO: Stage 0 | Step 136,000 | F=0.1761 | noise=0.0000 | bond=[1, 1] | alpha=0.0500 | tau_g=0.3000
07:52:54 [QUASAR.curriculum] INFO: Stage 0 | Step 138,000 | F=0.1350 | noise=0.0000 | bond=[1, 2] | alpha=0.0500 | tau_g=0.3000
07:53:11 [QUASAR.curriculum] INFO: Stage 0 | Step 140,000 | F=0.1593 | noise=0.0000 | bond=[1, 2] | alpha=0.0500 | tau_g=0.3000
07:53:27 [QUASAR.curriculum] INFO: Stage 0 EVAL | Step 140,000 | F_eval=0.5015 | best=0.6387 | elapsed=1641s
07:53:27 [quasar.v9_0.monitor] WARNING: [SWDFT] Stagnation #1 detected at step 140000 (F_recent_mean=0.5053, dc_improvement=-0.0067, non_dc_frac=0.001 > thr=0.25). Triggering Reactive Mode.
07:53:27 [quasar.v9_0.erl] INFO: [ERL] Trigger #1 at step 140000 — starting ERL loop.
07:53:27 [quasar.v9_0.erl] INFO: [ERL] Gumbel temperature reset: 0.3000 → 0.5000 (exploration restored).
07:53:27 [quasar.v9_0.erl] INFO: [ERL v9.27] Loaded best checkpoint (F=0.9067 at step 105000) for ERL evaluation.
07:53:27 [quasar.v9_0.erl] WARNING: [ERL v9.18] UNIQ wiki query failed (non-fatal): No module named 'aris_wiki'
07:53:27 [quasar.v9_0.erl] INFO: [ERL v9.18] UNIQ wiki miss — no prior stepping stone for this plateau state.
07:53:28 [quasar.v9_0.erl] INFO: [ERL] First attempt: mean_fidelity=0.7235 over 5 episodes.
07:53:28 [quasar.v9_0.erl] INFO: [ERL] Second attempt: mean_fidelity=0.6304 over 5 episodes.
07:53:31 [quasar.v9_0.erl] INFO: [ERL] Distillation complete: avg_loss=0.2947 (f2_mean=0.6304 > tau=0.50).
07:53:31 [quasar.v9_0.erl] INFO: [ERL v9.27] Restored critic/alpha after ERL; actor retains ERL improvements.
07:53:36 [quasar.v9_0.sdft] INFO: [SDFT] ZNE fidelity gate: 0.6387 (threshold=0.3500)
07:53:38 [quasar.v9_0.sdft] INFO: [SDFT] Trigger #1 at step 140000: reverse-KL distillation on 512 elite transitions over 100 steps. avg_loss=-1.7154
07:53:41 [quasar.v9_0.components] ERROR: [Registry] Component 'ttt' raised on signal 'sdft_complete': element 0 of tensors does not require grad and does not have a grad_fn
Traceback (most recent call last):
  File "/home/ralshehri0468/quasar_v9/quasar/v9_0/components.py", line 338, in signal
    follow_up = comp.handle(name, payload)
                ^^^^^^^^^^^^^^^^^^^^^^^^^^
  File "/home/ralshehri0468/quasar_v9/quasar/v9_0/ttt.py", line 203, in handle
    pg_loss.backward()
  File "/home/ralshehri0468/.conda/envs/quantum_drl_gpu/lib/python3.12/site-packages/torch/_tensor.py", line 521, in backward
    torch.autograd.backward(
  File "/home/ralshehri0468/.conda/envs/quantum_drl_gpu/lib/python3.12/site-packages/torch/autograd/__init__.py", line 289, in backward
    _engine_run_backward(
  File "/home/ralshehri0468/.conda/envs/quantum_drl_gpu/lib/python3.12/site-packages/torch/autograd/graph.py", line 768, in _engine_run_backward
    return Variable._execution_engine.run_backward(  # Calls into the C++ engine to run the backward pass
           ^^^^^^^^^^^^^^^^^^^^^^^^^^^^^^^^^^^^^^^^^^^^^^^^^^^^^^^^^^^^^^^^^^^^^^^^^^^^^^^^^^^^^^^^^^^^^^
RuntimeError: element 0 of tensors does not require grad and does not have a grad_fn
07:54:01 [QUASAR.curriculum] INFO: Stage 0 | Step 142,000 | F=0.0530 | noise=0.0000 | bond=[2, 2] | alpha=0.0500 | tau_g=0.5484
07:54:22 [QUASAR.curriculum] INFO: Stage 0 | Step 144,000 | F=0.2279 | noise=0.0000 | bond=[2, 2] | alpha=0.0500 | tau_g=0.5375
07:54:50 [QUASAR.curriculum] INFO: Stage 0 EVAL | Step 145,000 | F_eval=0.8029 | best=0.6387 | elapsed=1723s
07:54:50 [QUASAR.curriculum] INFO:   Checkpoint saved: quasar_v9_stage0_best.pt (F=0.8029)
07:54:58 [QUASAR.curriculum] INFO: Stage 0 | Step 146,000 | F=0.0647 | noise=0.0000 | bond=[2, 1] | alpha=0.0500 | tau_g=0.5268
07:55:16 [QUASAR.curriculum] INFO: Stage 0 | Step 148,000 | F=0.4748 | noise=0.0000 | bond=[1, 2] | alpha=0.0500 | tau_g=0.5164
07:55:33 [QUASAR.curriculum] INFO: Stage 0 | Step 150,000 | F=0.0812 | noise=0.0000 | bond=[1, 1] | alpha=0.0500 | tau_g=0.5062
07:55:49 [QUASAR.curriculum] INFO: Stage 0 EVAL | Step 150,000 | F_eval=0.6024 | best=0.8029 | elapsed=1782s
07:56:06 [QUASAR.curriculum] INFO: Stage 0 | Step 152,000 | F=0.0101 | noise=0.0000 | bond=[2, 1] | alpha=0.0500 | tau_g=0.4962
07:56:24 [QUASAR.curriculum] INFO: Stage 0 | Step 154,000 | F=0.7908 | noise=0.0000 | bond=[2, 2] | alpha=0.0500 | tau_g=0.4863
07:56:48 [QUASAR.curriculum] INFO: Stage 0 EVAL | Step 155,000 | F_eval=0.5387 | best=0.8029 | elapsed=1842s
07:56:57 [QUASAR.curriculum] INFO: Stage 0 | Step 156,000 | F=0.0387 | noise=0.0000 | bond=[1, 2] | alpha=0.0500 | tau_g=0.4767
07:57:14 [QUASAR.curriculum] INFO: Stage 0 | Step 158,000 | F=0.1654 | noise=0.0000 | bond=[2, 1] | alpha=0.0500 | tau_g=0.4673
07:57:32 [QUASAR.curriculum] INFO: Stage 0 | Step 160,000 | F=0.0456 | noise=0.0000 | bond=[2, 2] | alpha=0.0500 | tau_g=0.4580
07:57:47 [QUASAR.curriculum] INFO: Stage 0 EVAL | Step 160,000 | F_eval=0.5364 | best=0.8029 | elapsed=1901s
07:58:05 [QUASAR.curriculum] INFO: Stage 0 | Step 162,000 | F=0.1017 | noise=0.0000 | bond=[1, 2] | alpha=0.0500 | tau_g=0.4490
07:58:22 [QUASAR.curriculum] INFO: Stage 0 | Step 164,000 | F=0.0355 | noise=0.0000 | bond=[2, 1] | alpha=0.0500 | tau_g=0.4401
07:58:47 [QUASAR.curriculum] INFO: Stage 0 EVAL | Step 165,000 | F_eval=0.5216 | best=0.8029 | elapsed=1960s
07:58:55 [QUASAR.curriculum] INFO: Stage 0 | Step 166,000 | F=0.0266 | noise=0.0000 | bond=[1, 2] | alpha=0.0500 | tau_g=0.4313
07:59:13 [QUASAR.curriculum] INFO: Stage 0 | Step 168,000 | F=0.4335 | noise=0.0000 | bond=[1, 2] | alpha=0.0500 | tau_g=0.4228
07:59:30 [QUASAR.curriculum] INFO: Stage 0 | Step 170,000 | F=0.0406 | noise=0.0000 | bond=[1, 2] | alpha=0.0500 | tau_g=0.4144
07:59:46 [QUASAR.curriculum] INFO: Stage 0 EVAL | Step 170,000 | F_eval=0.5093 | best=0.8029 | elapsed=2019s
07:59:46 [QUASAR.curriculum] INFO: [DBA] Stage 0 (3q) | ΔF=-0.2937 | plateau window 1/5 | bank=0
08:00:03 [QUASAR.curriculum] INFO: Stage 0 | Step 172,000 | F=0.0040 | noise=0.0000 | bond=[1, 2] | alpha=0.0500 | tau_g=0.4062
08:00:20 [QUASAR.curriculum] INFO: Stage 0 | Step 174,000 | F=0.0363 | noise=0.0000 | bond=[1, 2] | alpha=0.0500 | tau_g=0.3982
08:00:45 [QUASAR.curriculum] INFO: Stage 0 EVAL | Step 175,000 | F_eval=0.5005 | best=0.8029 | elapsed=2078s
08:00:45 [QUASAR.curriculum] INFO: [DBA] Stage 0 (3q) | ΔF=-0.1020 | plateau window 2/5 | bank=0
08:00:54 [QUASAR.curriculum] INFO: Stage 0 | Step 176,000 | F=0.1036 | noise=0.0000 | bond=[1, 2] | alpha=0.0500 | tau_g=0.3903
08:01:11 [QUASAR.curriculum] INFO: Stage 0 | Step 178,000 | F=0.0323 | noise=0.0000 | bond=[1, 2] | alpha=0.0500 | tau_g=0.3826
08:01:28 [QUASAR.curriculum] INFO: Stage 0 | Step 180,000 | F=0.3406 | noise=0.0000 | bond=[1, 2] | alpha=0.0500 | tau_g=0.3750
08:01:44 [QUASAR.curriculum] INFO: Stage 0 EVAL | Step 180,000 | F_eval=0.5764 | best=0.8029 | elapsed=2137s
08:02:01 [QUASAR.curriculum] INFO: Stage 0 | Step 182,000 | F=0.2100 | noise=0.0000 | bond=[1, 1] | alpha=0.0500 | tau_g=0.3676
08:02:19 [QUASAR.curriculum] INFO: Stage 0 | Step 184,000 | F=0.5000 | noise=0.0000 | bond=[1, 1] | alpha=0.0500 | tau_g=0.3603
08:02:43 [QUASAR.curriculum] INFO: Stage 0 EVAL | Step 185,000 | F_eval=0.5066 | best=0.8029 | elapsed=2197s
08:02:43 [quasar.v9_0.monitor] WARNING: [SWDFT] Stagnation #2 detected at step 185000 (F_recent_mean=0.5365, dc_improvement=-0.0067, non_dc_frac=0.005 > thr=0.25). Triggering Reactive Mode.
08:02:43 [quasar.v9_0.erl] INFO: [ERL] Trigger #2 at step 185000 — starting ERL loop.
08:02:43 [quasar.v9_0.erl] INFO: [ERL] Gumbel temperature reset: 0.3567 → 0.5000 (exploration restored).
08:02:44 [quasar.v9_0.erl] INFO: [ERL v9.27] Loaded best checkpoint (F=0.9956 at step 185000) for ERL evaluation.
08:02:44 [quasar.v9_0.erl] WARNING: [ERL v9.18] UNIQ wiki query failed (non-fatal): No module named 'aris_wiki'
08:02:44 [quasar.v9_0.erl] INFO: [ERL v9.18] UNIQ wiki miss — no prior stepping stone for this plateau state.
08:02:44 [quasar.v9_0.erl] INFO: [ERL] First attempt: mean_fidelity=0.9854 over 5 episodes.
08:02:44 [quasar.v9_0.erl] INFO: [ERL] Second attempt: mean_fidelity=0.9845 over 5 episodes.
08:02:46 [quasar.v9_0.erl] INFO: [ERL] Distillation complete: avg_loss=0.3005 (f2_mean=0.9845 > tau=0.50).
08:02:46 [quasar.v9_0.erl] INFO: [ERL v9.27] Restored critic/alpha after ERL; actor retains ERL improvements.
08:02:51 [quasar.v9_0.sdft] INFO: [SDFT] ZNE fidelity gate: 0.8029 (threshold=0.3500)
08:02:53 [quasar.v9_0.sdft] INFO: [SDFT] Trigger #2 at step 185000: reverse-KL distillation on 898 elite transitions over 100 steps. avg_loss=-0.2994
08:02:56 [quasar.v9_0.components] ERROR: [Registry] Component 'ttt' raised on signal 'sdft_complete': element 0 of tensors does not require grad and does not have a grad_fn
Traceback (most recent call last):
  File "/home/ralshehri0468/quasar_v9/quasar/v9_0/components.py", line 338, in signal
    follow_up = comp.handle(name, payload)
                ^^^^^^^^^^^^^^^^^^^^^^^^^^
  File "/home/ralshehri0468/quasar_v9/quasar/v9_0/ttt.py", line 203, in handle
    pg_loss.backward()
  File "/home/ralshehri0468/.conda/envs/quantum_drl_gpu/lib/python3.12/site-packages/torch/_tensor.py", line 521, in backward
    torch.autograd.backward(
  File "/home/ralshehri0468/.conda/envs/quantum_drl_gpu/lib/python3.12/site-packages/torch/autograd/__init__.py", line 289, in backward
    _engine_run_backward(
  File "/home/ralshehri0468/.conda/envs/quantum_drl_gpu/lib/python3.12/site-packages/torch/autograd/graph.py", line 768, in _engine_run_backward
    return Variable._execution_engine.run_backward(  # Calls into the C++ engine to run the backward pass
           ^^^^^^^^^^^^^^^^^^^^^^^^^^^^^^^^^^^^^^^^^^^^^^^^^^^^^^^^^^^^^^^^^^^^^^^^^^^^^^^^^^^^^^^^^^^^^^
RuntimeError: element 0 of tensors does not require grad and does not have a grad_fn
08:02:56 [QUASAR.curriculum] INFO: [DBA] Stage 0 (3q) | ΔF=-0.0298 | plateau window 1/5 | bank=0
08:03:06 [QUASAR.curriculum] INFO: Stage 0 | Step 186,000 | F=0.1805 | noise=0.0000 | bond=[1, 2] | alpha=0.0500 | tau_g=0.3000
08:03:26 [QUASAR.curriculum] INFO: Stage 0 | Step 188,000 | F=0.2616 | noise=0.0000 | bond=[1, 2] | alpha=0.0500 | tau_g=0.3000
08:03:46 [QUASAR.curriculum] INFO: Stage 0 | Step 190,000 | F=0.4354 | noise=0.0000 | bond=[1, 2] | alpha=0.0500 | tau_g=0.3000
08:04:03 [QUASAR.curriculum] INFO: Stage 0 EVAL | Step 190,000 | F_eval=0.5000 | best=0.8029 | elapsed=2277s
08:04:03 [QUASAR.curriculum] INFO: [DBA] Stage 0 (3q) | ΔF=-0.0216 | plateau window 2/5 | bank=0
08:04:21 [QUASAR.curriculum] INFO: Stage 0 | Step 192,000 | F=0.5000 | noise=0.0000 | bond=[1, 1] | alpha=0.0500 | tau_g=0.3000
08:04:38 [QUASAR.curriculum] INFO: Stage 0 | Step 194,000 | F=0.0005 | noise=0.0000 | bond=[1, 1] | alpha=0.0500 | tau_g=0.3000
08:04:39 [QUASAR.curriculum] WARNING: [BCD v9.25] bond=[1,...,1] in 80% of last 5000 steps at step 194119 — emitting bond_collapse.
08:04:39 [quasar.v9_0.erl] INFO: [ERL v9.24] Bond collapse at step 194119 (bond=[1,...,1] for 0 steps) — recovery start.
08:04:39 [quasar.v9_0.erl] INFO: [ERL v9.27] Zeroed priorities of 10000 recent transitions (buffer size=195249, ptr=195249). Stale data will not be sampled.
08:04:39 [quasar.v9_0.erl] INFO: [ERL v9.24] Gumbel temperature reset to 0.8000 after bond collapse.
08:04:39 [quasar.v9_0.erl] WARNING: [ERL v9.18] UNIQ wiki query failed (non-fatal): No module named 'aris_wiki'
08:04:39 [quasar.v9_0.erl] INFO: [ERL v9.24] UNIQ wiki miss — no stepping stone for bond collapse at 3q.
08:05:03 [QUASAR.curriculum] INFO: Stage 0 EVAL | Step 195,000 | F_eval=0.5665 | best=0.8029 | elapsed=2336s
08:05:11 [QUASAR.curriculum] INFO: Stage 0 | Step 196,000 | F=0.2276 | noise=0.0000 | bond=[1, 2] | alpha=0.0500 | tau_g=0.7851
08:05:29 [QUASAR.curriculum] INFO: Stage 0 | Step 198,000 | F=0.1803 | noise=0.0000 | bond=[2, 2] | alpha=0.0500 | tau_g=0.7695
08:05:46 [QUASAR.curriculum] INFO: Stage 0 | Step 200,000 | F=0.4530 | noise=0.0000 | bond=[1, 1] | alpha=0.0500 | tau_g=0.7543
08:06:02 [QUASAR.curriculum] INFO: Stage 0 EVAL | Step 200,000 | F_eval=0.5322 | best=0.8029 | elapsed=2395s
08:06:19 [QUASAR.curriculum] INFO: Stage 0 | Step 202,000 | F=0.2238 | noise=0.0000 | bond=[2, 1] | alpha=0.0500 | tau_g=0.7394
08:06:37 [QUASAR.curriculum] INFO: Stage 0 | Step 204,000 | F=0.0363 | noise=0.0000 | bond=[2, 2] | alpha=0.0500 | tau_g=0.7247
08:07:01 [QUASAR.curriculum] INFO: Stage 0 EVAL | Step 205,000 | F_eval=0.6124 | best=0.8029 | elapsed=2455s
08:07:10 [QUASAR.curriculum] INFO: Stage 0 | Step 206,000 | F=0.1881 | noise=0.0000 | bond=[1, 1] | alpha=0.0500 | tau_g=0.7104
08:07:28 [QUASAR.curriculum] INFO: Stage 0 | Step 208,000 | F=0.2554 | noise=0.0000 | bond=[1, 2] | alpha=0.0500 | tau_g=0.6963
08:07:45 [QUASAR.curriculum] INFO: Stage 0 | Step 210,000 | F=0.5000 | noise=0.0000 | bond=[1, 1] | alpha=0.0500 | tau_g=0.6825
08:08:01 [QUASAR.curriculum] INFO: Stage 0 EVAL | Step 210,000 | F_eval=0.5158 | best=0.8029 | elapsed=2514s
08:08:01 [quasar.v9_0.monitor] WARNING: [SWDFT] Stagnation #3 detected at step 210000 (F_recent_mean=0.5388, dc_improvement=-0.0253, non_dc_frac=0.005 > thr=0.25). Triggering Reactive Mode.
08:08:01 [quasar.v9_0.erl] INFO: [ERL] Trigger #3 at step 210000 — starting ERL loop.
08:08:01 [quasar.v9_0.erl] INFO: [ERL] Gumbel temperature reset: 0.6825 → 0.5000 (exploration restored).
08:08:01 [quasar.v9_0.erl] INFO: [ERL v9.27] Loaded best checkpoint (F=0.9806 at step 200000) for ERL evaluation.
08:08:01 [quasar.v9_0.erl] WARNING: [ERL v9.18] UNIQ wiki query failed (non-fatal): No module named 'aris_wiki'
08:08:01 [quasar.v9_0.erl] INFO: [ERL v9.18] UNIQ wiki miss — no prior stepping stone for this plateau state.
08:08:02 [quasar.v9_0.erl] INFO: [ERL] First attempt: mean_fidelity=0.6195 over 5 episodes.
08:08:02 [quasar.v9_0.erl] INFO: [ERL] Second attempt: mean_fidelity=0.9798 over 5 episodes.
08:08:04 [quasar.v9_0.erl] INFO: [ERL] Distillation complete: avg_loss=0.3255 (f2_mean=0.9798 > tau=0.50).
08:08:04 [quasar.v9_0.erl] INFO: [ERL v9.27] Restored critic/alpha after ERL; actor retains ERL improvements.
08:08:09 [quasar.v9_0.sdft] INFO: [SDFT] ZNE fidelity gate: 0.8029 (threshold=0.3500)
08:08:11 [quasar.v9_0.sdft] INFO: [SDFT] Trigger #3 at step 210000: reverse-KL distillation on 1124 elite transitions over 100 steps. avg_loss=-1.2498
08:08:14 [quasar.v9_0.components] ERROR: [Registry] Component 'ttt' raised on signal 'sdft_complete': element 0 of tensors does not require grad and does not have a grad_fn
Traceback (most recent call last):
  File "/home/ralshehri0468/quasar_v9/quasar/v9_0/components.py", line 338, in signal
    follow_up = comp.handle(name, payload)
                ^^^^^^^^^^^^^^^^^^^^^^^^^^
  File "/home/ralshehri0468/quasar_v9/quasar/v9_0/ttt.py", line 203, in handle
    pg_loss.backward()
  File "/home/ralshehri0468/.conda/envs/quantum_drl_gpu/lib/python3.12/site-packages/torch/_tensor.py", line 521, in backward
    torch.autograd.backward(
  File "/home/ralshehri0468/.conda/envs/quantum_drl_gpu/lib/python3.12/site-packages/torch/autograd/__init__.py", line 289, in backward
    _engine_run_backward(
  File "/home/ralshehri0468/.conda/envs/quantum_drl_gpu/lib/python3.12/site-packages/torch/autograd/graph.py", line 768, in _engine_run_backward
    return Variable._execution_engine.run_backward(  # Calls into the C++ engine to run the backward pass
           ^^^^^^^^^^^^^^^^^^^^^^^^^^^^^^^^^^^^^^^^^^^^^^^^^^^^^^^^^^^^^^^^^^^^^^^^^^^^^^^^^^^^^^^^^^^^^^
RuntimeError: element 0 of tensors does not require grad and does not have a grad_fn
08:08:34 [QUASAR.curriculum] INFO: Stage 0 | Step 212,000 | F=0.2259 | noise=0.0000 | bond=[1, 2] | alpha=0.0500 | tau_g=0.3000
08:08:54 [QUASAR.curriculum] INFO: Stage 0 | Step 214,000 | F=0.0012 | noise=0.0000 | bond=[1, 2] | alpha=0.0500 | tau_g=0.3000
08:09:22 [QUASAR.curriculum] INFO: Stage 0 EVAL | Step 215,000 | F_eval=0.5108 | best=0.8029 | elapsed=2595s
08:09:31 [QUASAR.curriculum] INFO: Stage 0 | Step 216,000 | F=0.3784 | noise=0.0000 | bond=[1, 2] | alpha=0.0500 | tau_g=0.3000
08:09:48 [QUASAR.curriculum] INFO: Stage 0 | Step 218,000 | F=0.2483 | noise=0.0000 | bond=[1, 1] | alpha=0.0500 | tau_g=0.3000
08:10:05 [QUASAR.curriculum] INFO: Stage 0 | Step 220,000 | F=0.0769 | noise=0.0000 | bond=[1, 1] | alpha=0.0500 | tau_g=0.3000
08:10:21 [QUASAR.curriculum] INFO: Stage 0 EVAL | Step 220,000 | F_eval=0.5143 | best=0.8029 | elapsed=2655s
08:10:21 [QUASAR.curriculum] INFO: [DBA] Stage 0 (3q) | ΔF=-0.0523 | plateau window 1/5 | bank=0
08:10:39 [QUASAR.curriculum] INFO: Stage 0 | Step 222,000 | F=0.2264 | noise=0.0000 | bond=[1, 1] | alpha=0.0500 | tau_g=0.3000
08:10:56 [QUASAR.curriculum] INFO: Stage 0 | Step 224,000 | F=0.0000 | noise=0.0000 | bond=[1, 1] | alpha=0.0500 | tau_g=0.3000
08:11:21 [QUASAR.curriculum] INFO: Stage 0 EVAL | Step 225,000 | F_eval=0.5000 | best=0.8029 | elapsed=2714s
08:11:21 [QUASAR.curriculum] INFO: [DBA] Stage 0 (3q) | ΔF=-0.0322 | plateau window 2/5 | bank=0
08:11:29 [QUASAR.curriculum] INFO: Stage 0 | Step 226,000 | F=0.5000 | noise=0.0000 | bond=[1, 1] | alpha=0.0500 | tau_g=0.3000
08:11:47 [QUASAR.curriculum] INFO: Stage 0 | Step 228,000 | F=0.4894 | noise=0.0000 | bond=[1, 1] | alpha=0.0500 | tau_g=0.3000
08:11:47 [QUASAR.curriculum] WARNING: [BCD v9.25] bond=[1,...,1] in 80% of last 5000 steps at step 228006 — emitting bond_collapse.
08:11:47 [quasar.v9_0.erl] INFO: [ERL v9.24] Bond collapse at step 228006 (bond=[1,...,1] for 0 steps) — recovery start.
08:11:47 [quasar.v9_0.erl] INFO: [ERL v9.27] Zeroed priorities of 10000 recent transitions (buffer size=229778, ptr=229778). Stale data will not be sampled.
08:11:47 [quasar.v9_0.erl] INFO: [ERL v9.24] Gumbel temperature reset to 0.8000 after bond collapse.
08:11:47 [quasar.v9_0.erl] WARNING: [ERL v9.18] UNIQ wiki query failed (non-fatal): No module named 'aris_wiki'
08:11:47 [quasar.v9_0.erl] INFO: [ERL v9.24] UNIQ wiki miss — no stepping stone for bond collapse at 3q.
08:12:04 [QUASAR.curriculum] INFO: Stage 0 | Step 230,000 | F=0.0382 | noise=0.0000 | bond=[1, 2] | alpha=0.0500 | tau_g=0.7842
08:12:20 [QUASAR.curriculum] INFO: Stage 0 EVAL | Step 230,000 | F_eval=0.5051 | best=0.8029 | elapsed=2773s
08:12:20 [QUASAR.curriculum] INFO: [DBA] Stage 0 (3q) | ΔF=-0.1073 | plateau window 3/5 | bank=0
08:12:37 [QUASAR.curriculum] INFO: Stage 0 | Step 232,000 | F=0.1892 | noise=0.0000 | bond=[2, 2] | alpha=0.0500 | tau_g=0.7687
08:12:55 [QUASAR.curriculum] INFO: Stage 0 | Step 234,000 | F=0.0346 | noise=0.0000 | bond=[1, 2] | alpha=0.0500 | tau_g=0.7535
08:13:19 [QUASAR.curriculum] INFO: Stage 0 EVAL | Step 235,000 | F_eval=0.5299 | best=0.8029 | elapsed=2832s
08:13:19 [quasar.v9_0.monitor] WARNING: [SWDFT] Stagnation #4 detected at step 235000 (F_recent_mean=0.5275, dc_improvement=0.0004, non_dc_frac=0.005 > thr=0.25). Triggering Reactive Mode.
08:13:19 [quasar.v9_0.erl] INFO: [ERL] Trigger #4 at step 235000 — starting ERL loop.
08:13:19 [quasar.v9_0.erl] INFO: [ERL] Gumbel temperature reset: 0.7460 → 0.5000 (exploration restored).
08:13:19 [quasar.v9_0.erl] INFO: [ERL v9.27] Loaded best checkpoint (F=0.9858 at step 230000) for ERL evaluation.
08:13:19 [quasar.v9_0.erl] WARNING: [ERL v9.18] UNIQ wiki query failed (non-fatal): No module named 'aris_wiki'
08:13:19 [quasar.v9_0.erl] INFO: [ERL v9.18] UNIQ wiki miss — no prior stepping stone for this plateau state.
08:13:20 [quasar.v9_0.erl] INFO: [ERL] First attempt: mean_fidelity=0.6325 over 5 episodes.
08:13:20 [quasar.v9_0.erl] INFO: [ERL] Second attempt: mean_fidelity=0.7898 over 5 episodes.
08:13:22 [quasar.v9_0.erl] INFO: [ERL] Distillation complete: avg_loss=0.2933 (f2_mean=0.7898 > tau=0.50).
08:13:22 [quasar.v9_0.erl] INFO: [ERL v9.27] Restored critic/alpha after ERL; actor retains ERL improvements.
08:13:28 [quasar.v9_0.sdft] INFO: [SDFT] ZNE fidelity gate: 0.8029 (threshold=0.3500)
08:13:29 [quasar.v9_0.sdft] INFO: [SDFT] Trigger #4 at step 235000: reverse-KL distillation on 1236 elite transitions over 100 steps. avg_loss=-1.0734
08:13:32 [quasar.v9_0.components] ERROR: [Registry] Component 'ttt' raised on signal 'sdft_complete': element 0 of tensors does not require grad and does not have a grad_fn
Traceback (most recent call last):
  File "/home/ralshehri0468/quasar_v9/quasar/v9_0/components.py", line 338, in signal
    follow_up = comp.handle(name, payload)
                ^^^^^^^^^^^^^^^^^^^^^^^^^^
  File "/home/ralshehri0468/quasar_v9/quasar/v9_0/ttt.py", line 203, in handle
    pg_loss.backward()
  File "/home/ralshehri0468/.conda/envs/quantum_drl_gpu/lib/python3.12/site-packages/torch/_tensor.py", line 521, in backward
    torch.autograd.backward(
  File "/home/ralshehri0468/.conda/envs/quantum_drl_gpu/lib/python3.12/site-packages/torch/autograd/__init__.py", line 289, in backward
    _engine_run_backward(
  File "/home/ralshehri0468/.conda/envs/quantum_drl_gpu/lib/python3.12/site-packages/torch/autograd/graph.py", line 768, in _engine_run_backward
    return Variable._execution_engine.run_backward(  # Calls into the C++ engine to run the backward pass
           ^^^^^^^^^^^^^^^^^^^^^^^^^^^^^^^^^^^^^^^^^^^^^^^^^^^^^^^^^^^^^^^^^^^^^^^^^^^^^^^^^^^^^^^^^^^^^^
RuntimeError: element 0 of tensors does not require grad and does not have a grad_fn
08:13:42 [QUASAR.curriculum] INFO: Stage 0 | Step 236,000 | F=0.0710 | noise=0.0000 | bond=[2, 2] | alpha=0.0500 | tau_g=0.3000
08:14:03 [QUASAR.curriculum] INFO: Stage 0 | Step 238,000 | F=0.0874 | noise=0.0000 | bond=[2, 2] | alpha=0.0500 | tau_g=0.3000
08:14:23 [QUASAR.curriculum] INFO: Stage 0 | Step 240,000 | F=0.1254 | noise=0.0000 | bond=[1, 1] | alpha=0.0500 | tau_g=0.3000
08:14:41 [QUASAR.curriculum] INFO: Stage 0 EVAL | Step 240,000 | F_eval=0.5129 | best=0.8029 | elapsed=2914s
08:14:41 [QUASAR.curriculum] INFO: [DBA] Stage 0 (3q) | ΔF=+0.0022 | plateau window 1/5 | bank=0
08:14:58 [QUASAR.curriculum] INFO: Stage 0 | Step 242,000 | F=0.9729 | noise=0.0000 | bond=[2, 2] | alpha=0.0500 | tau_g=0.3000
08:15:16 [QUASAR.curriculum] INFO: Stage 0 | Step 244,000 | F=0.0481 | noise=0.0000 | bond=[1, 2] | alpha=0.0500 | tau_g=0.3000
08:15:40 [QUASAR.curriculum] INFO: Stage 0 EVAL | Step 245,000 | F_eval=0.5023 | best=0.8029 | elapsed=2973s
08:15:40 [QUASAR.curriculum] INFO: [DBA] Stage 0 (3q) | ΔF=-0.0119 | plateau window 2/5 | bank=0
08:15:49 [QUASAR.curriculum] INFO: Stage 0 | Step 246,000 | F=0.5000 | noise=0.0000 | bond=[1, 1] | alpha=0.0500 | tau_g=0.3000
08:16:06 [QUASAR.curriculum] INFO: Stage 0 | Step 248,000 | F=0.4069 | noise=0.0000 | bond=[1, 1] | alpha=0.0500 | tau_g=0.3000
08:16:23 [QUASAR.curriculum] INFO: Stage 0 | Step 250,000 | F=0.5000 | noise=0.0000 | bond=[1, 1] | alpha=0.0500 | tau_g=0.3000
08:16:39 [QUASAR.curriculum] INFO: Stage 0 EVAL | Step 250,000 | F_eval=0.5000 | best=0.8029 | elapsed=3032s
08:16:39 [QUASAR.curriculum] INFO: [DBA] Stage 0 (3q) | ΔF=-0.0000 | plateau window 3/5 | bank=0
08:16:50 [QUASAR.curriculum] WARNING: [BCD v9.25] bond=[1,...,1] in 80% of last 5000 steps at step 251263 — emitting bond_collapse.
08:16:50 [quasar.v9_0.erl] INFO: [ERL v9.24] Bond collapse at step 251263 (bond=[1,...,1] for 0 steps) — recovery start.
08:16:50 [quasar.v9_0.erl] INFO: [ERL v9.27] Zeroed priorities of 10000 recent transitions (buffer size=253607, ptr=253607). Stale data will not be sampled.
08:16:50 [quasar.v9_0.erl] INFO: [ERL v9.24] Gumbel temperature reset to 0.8000 after bond collapse.
08:16:50 [quasar.v9_0.erl] WARNING: [ERL v9.18] UNIQ wiki query failed (non-fatal): No module named 'aris_wiki'
08:16:50 [quasar.v9_0.erl] INFO: [ERL v9.24] UNIQ wiki miss — no stepping stone for bond collapse at 3q.
08:16:56 [QUASAR.curriculum] INFO: Stage 0 | Step 252,000 | F=0.0001 | noise=0.0000 | bond=[2, 1] | alpha=0.0500 | tau_g=0.7941
08:17:14 [QUASAR.curriculum] INFO: Stage 0 | Step 254,000 | F=0.5000 | noise=0.0000 | bond=[1, 1] | alpha=0.0500 | tau_g=0.7784
08:17:38 [QUASAR.curriculum] INFO: Stage 0 EVAL | Step 255,000 | F_eval=0.5017 | best=0.8029 | elapsed=3092s
08:17:38 [QUASAR.curriculum] INFO: [DBA] Stage 0 (3q) | ΔF=-0.0034 | plateau window 4/5 | bank=0
08:17:47 [QUASAR.curriculum] INFO: Stage 0 | Step 256,000 | F=0.5000 | noise=0.0000 | bond=[1, 1] | alpha=0.0500 | tau_g=0.7630
08:18:04 [QUASAR.curriculum] INFO: Stage 0 | Step 258,000 | F=0.0551 | noise=0.0000 | bond=[1, 2] | alpha=0.0500 | tau_g=0.7479
08:18:22 [QUASAR.curriculum] INFO: Stage 0 | Step 260,000 | F=0.0034 | noise=0.0000 | bond=[1, 2] | alpha=0.0500 | tau_g=0.7331
08:18:38 [QUASAR.curriculum] INFO: Stage 0 EVAL | Step 260,000 | F_eval=0.5028 | best=0.8029 | elapsed=3151s
08:18:38 [quasar.v9_0.monitor] WARNING: [SWDFT] Stagnation #5 detected at step 260000 (F_recent_mean=0.5068, dc_improvement=-0.0255, non_dc_frac=0.003 > thr=0.25). Triggering Reactive Mode.
08:18:38 [quasar.v9_0.erl] INFO: [ERL] Trigger #5 at step 260000 — starting ERL loop.
08:18:38 [quasar.v9_0.erl] INFO: [ERL] Gumbel temperature reset: 0.7331 → 0.5000 (exploration restored).
08:18:38 [quasar.v9_0.erl] INFO: [ERL v9.27] Loaded best checkpoint (F=0.9858 at step 230000) for ERL evaluation.
08:18:38 [quasar.v9_0.erl] WARNING: [ERL v9.18] UNIQ wiki query failed (non-fatal): No module named 'aris_wiki'
08:18:38 [quasar.v9_0.erl] INFO: [ERL v9.18] UNIQ wiki miss — no prior stepping stone for this plateau state.
08:18:38 [quasar.v9_0.erl] INFO: [ERL] First attempt: mean_fidelity=0.7853 over 5 episodes.
08:18:39 [quasar.v9_0.erl] INFO: [ERL] Second attempt: mean_fidelity=0.9197 over 5 episodes.
08:18:41 [quasar.v9_0.erl] INFO: [ERL] Distillation complete: avg_loss=0.2568 (f2_mean=0.9197 > tau=0.50).
08:18:41 [quasar.v9_0.erl] INFO: [ERL v9.27] Restored critic/alpha after ERL; actor retains ERL improvements.
08:18:45 [quasar.v9_0.sdft] INFO: [SDFT] ZNE fidelity gate: 0.8029 (threshold=0.3500)
08:18:47 [quasar.v9_0.sdft] INFO: [SDFT] Trigger #5 at step 260000: reverse-KL distillation on 1448 elite transitions over 100 steps. avg_loss=-0.8270
08:18:49 [quasar.v9_0.components] ERROR: [Registry] Component 'ttt' raised on signal 'sdft_complete': element 0 of tensors does not require grad and does not have a grad_fn
Traceback (most recent call last):
  File "/home/ralshehri0468/quasar_v9/quasar/v9_0/components.py", line 338, in signal
    follow_up = comp.handle(name, payload)
                ^^^^^^^^^^^^^^^^^^^^^^^^^^
  File "/home/ralshehri0468/quasar_v9/quasar/v9_0/ttt.py", line 203, in handle
    pg_loss.backward()
  File "/home/ralshehri0468/.conda/envs/quantum_drl_gpu/lib/python3.12/site-packages/torch/_tensor.py", line 521, in backward
    torch.autograd.backward(
  File "/home/ralshehri0468/.conda/envs/quantum_drl_gpu/lib/python3.12/site-packages/torch/autograd/__init__.py", line 289, in backward
    _engine_run_backward(
  File "/home/ralshehri0468/.conda/envs/quantum_drl_gpu/lib/python3.12/site-packages/torch/autograd/graph.py", line 768, in _engine_run_backward
    return Variable._execution_engine.run_backward(  # Calls into the C++ engine to run the backward pass
           ^^^^^^^^^^^^^^^^^^^^^^^^^^^^^^^^^^^^^^^^^^^^^^^^^^^^^^^^^^^^^^^^^^^^^^^^^^^^^^^^^^^^^^^^^^^^^^
RuntimeError: element 0 of tensors does not require grad and does not have a grad_fn
08:18:49 [QUASAR.curriculum] INFO: [DBA] Stage 0 (3q) | ΔF=-0.0271 | plateau window 5/5 | bank=0
08:18:49 [QUASAR.curriculum] INFO: [DBA] Stage 0 plateau patience reached but best_F=0.8029 < 0.99 (min_fidelity_to_stop) — NOT early-stopping, resetting patience.
08:19:10 [QUASAR.curriculum] INFO: Stage 0 | Step 262,000 | F=0.2915 | noise=0.0000 | bond=[2, 2] | alpha=0.0500 | tau_g=0.3000
08:19:30 [QUASAR.curriculum] INFO: Stage 0 | Step 264,000 | F=0.0814 | noise=0.0000 | bond=[2, 2] | alpha=0.0500 | tau_g=0.3000
08:19:58 [QUASAR.curriculum] INFO: Stage 0 EVAL | Step 265,000 | F_eval=0.7565 | best=0.8029 | elapsed=3231s
08:20:07 [QUASAR.curriculum] INFO: Stage 0 | Step 266,000 | F=0.5000 | noise=0.0000 | bond=[1, 1] | alpha=0.0500 | tau_g=0.3000
08:20:24 [QUASAR.curriculum] INFO: Stage 0 | Step 268,000 | F=0.5000 | noise=0.0000 | bond=[1, 1] | alpha=0.0500 | tau_g=0.3000
08:20:41 [QUASAR.curriculum] INFO: Stage 0 | Step 270,000 | F=0.5000 | noise=0.0000 | bond=[1, 1] | alpha=0.0500 | tau_g=0.3000
08:20:57 [QUASAR.curriculum] INFO: Stage 0 EVAL | Step 270,000 | F_eval=0.5269 | best=0.8029 | elapsed=3291s
08:21:08 [QUASAR.curriculum] WARNING: [BCD v9.25] bond=[1,...,1] in 90% of last 5000 steps at step 271263 — emitting bond_collapse.
08:21:08 [quasar.v9_0.erl] INFO: [ERL v9.24] Bond collapse at step 271263 (bond=[1,...,1] for 0 steps) — recovery start.
08:21:08 [quasar.v9_0.erl] INFO: [ERL v9.27] Zeroed priorities of 10000 recent transitions (buffer size=274183, ptr=274183). Stale data will not be sampled.
08:21:08 [quasar.v9_0.erl] INFO: [ERL v9.24] Gumbel temperature reset to 0.8000 after bond collapse.
08:21:08 [quasar.v9_0.erl] WARNING: [ERL v9.18] UNIQ wiki query failed (non-fatal): No module named 'aris_wiki'
08:21:08 [quasar.v9_0.erl] INFO: [ERL v9.24] UNIQ wiki miss — no stepping stone for bond collapse at 3q.
08:21:15 [QUASAR.curriculum] INFO: Stage 0 | Step 272,000 | F=0.0000 | noise=0.0000 | bond=[1, 1] | alpha=0.0500 | tau_g=0.7941
08:21:32 [QUASAR.curriculum] INFO: Stage 0 | Step 274,000 | F=0.3411 | noise=0.0000 | bond=[2, 1] | alpha=0.0500 | tau_g=0.7784
08:21:56 [QUASAR.curriculum] INFO: Stage 0 EVAL | Step 275,000 | F_eval=0.9242 | best=0.8029 | elapsed=3349s
08:21:56 [QUASAR.curriculum] INFO:   Checkpoint saved: quasar_v9_stage0_best.pt (F=0.9242)
08:22:05 [QUASAR.curriculum] INFO: Stage 0 | Step 276,000 | F=0.0005 | noise=0.0000 | bond=[1, 2] | alpha=0.0500 | tau_g=0.7630
08:22:23 [QUASAR.curriculum] INFO: Stage 0 | Step 278,000 | F=0.4799 | noise=0.0000 | bond=[1, 1] | alpha=0.0500 | tau_g=0.7479
08:22:44 [QUASAR.curriculum] INFO: Stage 0 | Step 280,000 | F=0.0433 | noise=0.0000 | bond=[2, 2] | alpha=0.0500 | tau_g=0.7331
08:23:02 [QUASAR.curriculum] INFO: Stage 0 EVAL | Step 280,000 | F_eval=0.9033 | best=0.9242 | elapsed=3415s
08:23:19 [QUASAR.curriculum] INFO: Stage 0 | Step 282,000 | F=0.0765 | noise=0.0000 | bond=[2, 2] | alpha=0.0500 | tau_g=0.7186
08:23:37 [QUASAR.curriculum] INFO: Stage 0 | Step 284,000 | F=0.0769 | noise=0.0000 | bond=[1, 1] | alpha=0.0500 | tau_g=0.7043
08:24:01 [QUASAR.curriculum] INFO: Stage 0 EVAL | Step 285,000 | F_eval=0.9164 | best=0.9242 | elapsed=3475s
08:24:10 [QUASAR.curriculum] INFO: Stage 0 | Step 286,000 | F=0.5000 | noise=0.0000 | bond=[1, 1] | alpha=0.0500 | tau_g=0.6904
08:24:27 [QUASAR.curriculum] INFO: Stage 0 | Step 288,000 | F=0.2722 | noise=0.0000 | bond=[2, 1] | alpha=0.0500 | tau_g=0.6767
08:24:45 [QUASAR.curriculum] INFO: Stage 0 | Step 290,000 | F=0.6642 | noise=0.0000 | bond=[2, 2] | alpha=0.0500 | tau_g=0.6633
08:25:00 [QUASAR.curriculum] INFO: Stage 0 EVAL | Step 290,000 | F_eval=0.9610 | best=0.9242 | elapsed=3533s
08:25:00 [QUASAR.curriculum] INFO:   Checkpoint saved: quasar_v9_stage0_best.pt (F=0.9610)
08:25:18 [QUASAR.curriculum] INFO: Stage 0 | Step 292,000 | F=0.9012 | noise=0.0000 | bond=[2, 2] | alpha=0.0500 | tau_g=0.6502
08:25:37 [QUASAR.curriculum] INFO: Stage 0 | Step 294,000 | F=0.5000 | noise=0.0000 | bond=[2, 2] | alpha=0.0500 | tau_g=0.6373
08:26:05 [QUASAR.curriculum] INFO: Stage 0 EVAL | Step 295,000 | F_eval=0.9649 | best=0.9610 | elapsed=3598s
08:26:05 [QUASAR.curriculum] INFO:   Checkpoint saved: quasar_v9_stage0_best.pt (F=0.9649)
08:26:14 [QUASAR.curriculum] INFO: Stage 0 | Step 296,000 | F=0.4185 | noise=0.0000 | bond=[2, 1] | alpha=0.0500 | tau_g=0.6247
08:26:31 [QUASAR.curriculum] INFO: Stage 0 | Step 298,000 | F=0.4532 | noise=0.0000 | bond=[1, 1] | alpha=0.0500 | tau_g=0.6123
08:26:49 [QUASAR.curriculum] INFO: Stage 0 | Step 300,000 | F=0.5000 | noise=0.0000 | bond=[1, 1] | alpha=0.0500 | tau_g=0.6002
08:27:05 [QUASAR.curriculum] INFO: Stage 0 EVAL | Step 300,000 | F_eval=0.9259 | best=0.9649 | elapsed=3658s
08:27:05 [QUASAR.curriculum] INFO: [DBA] Stage 0 (3q) | ΔF=+0.0017 | plateau window 1/5 | bank=0
08:27:23 [QUASAR.curriculum] INFO: Stage 0 | Step 302,000 | F=0.3561 | noise=0.0000 | bond=[1, 1] | alpha=0.0500 | tau_g=0.5883
08:27:40 [QUASAR.curriculum] INFO: Stage 0 | Step 304,000 | F=0.5000 | noise=0.0000 | bond=[1, 1] | alpha=0.0500 | tau_g=0.5767
08:28:05 [QUASAR.curriculum] INFO: Stage 0 EVAL | Step 305,000 | F_eval=0.9505 | best=0.9649 | elapsed=3718s
08:28:14 [QUASAR.curriculum] INFO: Stage 0 | Step 306,000 | F=0.5000 | noise=0.0000 | bond=[1, 1] | alpha=0.0500 | tau_g=0.5652
08:28:31 [QUASAR.curriculum] INFO: Stage 0 | Step 308,000 | F=0.5000 | noise=0.0000 | bond=[1, 1] | alpha=0.0500 | tau_g=0.5540
08:28:49 [QUASAR.curriculum] INFO: Stage 0 | Step 310,000 | F=0.0468 | noise=0.0000 | bond=[1, 1] | alpha=0.0500 | tau_g=0.5431
08:29:05 [QUASAR.curriculum] INFO: Stage 0 EVAL | Step 310,000 | F_eval=0.9308 | best=0.9649 | elapsed=3778s
08:29:23 [QUASAR.curriculum] INFO: Stage 0 | Step 312,000 | F=0.0394 | noise=0.0000 | bond=[2, 2] | alpha=0.0500 | tau_g=0.5323
08:29:41 [QUASAR.curriculum] INFO: Stage 0 | Step 314,000 | F=0.5000 | noise=0.0000 | bond=[1, 1] | alpha=0.0500 | tau_g=0.5218
08:30:10 [QUASAR.curriculum] INFO: Stage 0 EVAL | Step 315,000 | F_eval=0.7561 | best=0.9649 | elapsed=3843s
08:30:10 [QUASAR.curriculum] INFO: [DBA] Stage 0 (3q) | ΔF=-0.2049 | plateau window 1/5 | bank=0
08:30:18 [QUASAR.curriculum] INFO: Stage 0 | Step 316,000 | F=0.8683 | noise=0.0000 | bond=[2, 2] | alpha=0.0500 | tau_g=0.5114
08:30:36 [QUASAR.curriculum] INFO: Stage 0 | Step 318,000 | F=0.4736 | noise=0.0000 | bond=[1, 2] | alpha=0.0500 | tau_g=0.5013
08:30:53 [QUASAR.curriculum] INFO: Stage 0 | Step 320,000 | F=0.4744 | noise=0.0000 | bond=[1, 1] | alpha=0.0500 | tau_g=0.4914
08:31:08 [QUASAR.curriculum] INFO: Stage 0 EVAL | Step 320,000 | F_eval=0.9541 | best=0.9649 | elapsed=3902s
08:31:08 [QUASAR.curriculum] INFO: [DBA] Stage 0 (3q) | ΔF=-0.0108 | plateau window 2/5 | bank=0
08:31:26 [QUASAR.curriculum] INFO: Stage 0 | Step 322,000 | F=0.4947 | noise=0.0000 | bond=[1, 1] | alpha=0.0500 | tau_g=0.4817
08:31:43 [QUASAR.curriculum] INFO: Stage 0 | Step 324,000 | F=0.9830 | noise=0.0000 | bond=[2, 2] | alpha=0.0500 | tau_g=0.4721
08:32:08 [QUASAR.curriculum] INFO: Stage 0 EVAL | Step 325,000 | F_eval=0.9493 | best=0.9649 | elapsed=3961s
08:32:16 [QUASAR.curriculum] INFO: Stage 0 | Step 326,000 | F=0.2423 | noise=0.0000 | bond=[2, 1] | alpha=0.0500 | tau_g=0.4628
08:32:34 [QUASAR.curriculum] INFO: Stage 0 | Step 328,000 | F=0.3833 | noise=0.0000 | bond=[2, 1] | alpha=0.0500 | tau_g=0.4536
08:32:51 [QUASAR.curriculum] INFO: Stage 0 | Step 330,000 | F=0.3073 | noise=0.0000 | bond=[2, 1] | alpha=0.0500 | tau_g=0.4446
08:33:04 [QUASAR.curriculum] INFO: Stage 0 EVAL | Step 330,000 | F_eval=0.9949 | best=0.9649 | elapsed=4017s
08:33:04 [QUASAR.curriculum] INFO:   Checkpoint saved: quasar_v9_stage0_best.pt (F=0.9949)
08:33:04 [QUASAR.curriculum] INFO: Stage 0: TARGET REACHED (F=0.9949 ≥ 0.9900)
08:33:04 [quasar.v9_0.sdft] INFO: [SDFT v9.32] Stage complete — resetting EMA teacher state (was obs_dim=1024) to avoid dimension mismatch on next stage.
08:33:04 [quasar.v9_0.pbt] INFO: [PBT] Generation 1 after stage 0: elite fitness=[0.9949], bottom fitness=[0.0000]
08:33:04 [quasar.v9_0.pbt] INFO: [PBT] Applied elite config (fitness=0.9949) to trainer.
08:33:04 [QUASAR.curriculum] INFO: Stage 0 COMPLETE: n_qubits=3, best_fidelity=0.9949
08:33:04 [QUASAR.curriculum] INFO: 
======================================================================
08:33:04 [QUASAR.curriculum] INFO: QUASAR v9.0 TRAINING COMPLETE
08:33:04 [QUASAR.curriculum] INFO: ======================================================================
08:33:04 [QUASAR.curriculum] INFO:   stage_0: F=0.9949 (3q)
08:33:04 [QUASAR.curriculum] INFO: Results saved to: quasar_v9_results.json
End: Tue Jun 9 04:26:50 UTC 2026
Exit code: 0
