  error: subprocess-exited-with-error
  
  × pip subprocess to install build dependencies did not run successfully.
  │ exit code: 1
  ╰─> [56 lines of output]
      Collecting scikit-build-core
        Using cached scikit_build_core-0.12.2-py3-none-any.whl.metadata (16 kB)
      Collecting cython>=3.1
        Using cached cython-3.2.5-cp312-cp312-manylinux2014_x86_64.manylinux_2_17_x86_64.manylinux_2_28_x86_64.whl.metadata (7.1 kB)
      Collecting libcst>=1.8.6
        Using cached libcst-1.8.6.tar.gz (891 kB)
        Installing build dependencies: started
        Installing build dependencies: finished with status 'done'
        Getting requirements to build wheel: started
        Getting requirements to build wheel: finished with status 'done'
        Preparing metadata (pyproject.toml): started
        Preparing metadata (pyproject.toml): finished with status 'done'
      Collecting numpy>=1.25
        Using cached numpy-2.4.6.tar.gz (20.7 MB)
        Installing build dependencies: started
        Installing build dependencies: finished with status 'done'
        Getting requirements to build wheel: started
        Getting requirements to build wheel: finished with status 'done'
        Installing backend dependencies: started
        Installing backend dependencies: finished with status 'done'
        Preparing metadata (pyproject.toml): started
        Preparing metadata (pyproject.toml): finished with status 'error'
        error: subprocess-exited-with-error
      
        × Preparing metadata (pyproject.toml) did not run successfully.
        │ exit code: 1
        ╰─> [19 lines of output]
            + /home/ralshehri0468/.conda/envs/quantum_drl_gpu/bin/python /tmp/pip-install-gdt3fz04/numpy_0875adf48b5c40f3bc0c07957f52389b/vendored-meson/meson/meson.py setup /tmp/pip-install-gdt3fz04/numpy_0875adf48b5c40f3bc0c07957f52389b /tmp/pip-install-gdt3fz04/numpy_0875adf48b5c40f3bc0c07957f52389b/.mesonpy-6zfnubrj -Dbuildtype=release -Db_ndebug=if-release -Db_vscrt=md --native-file=/tmp/pip-install-gdt3fz04/numpy_0875adf48b5c40f3bc0c07957f52389b/.mesonpy-6zfnubrj/meson-python-native-file.ini
            The Meson build system
            Version: 1.9.2
            Source dir: /tmp/pip-install-gdt3fz04/numpy_0875adf48b5c40f3bc0c07957f52389b
            Build dir: /tmp/pip-install-gdt3fz04/numpy_0875adf48b5c40f3bc0c07957f52389b/.mesonpy-6zfnubrj
            Build type: native build
            Project name: NumPy
            Project version: 2.4.6
            C compiler for the host machine: cc (gcc 4.8.5 "cc (GCC) 4.8.5 20150623 (Red Hat 4.8.5-44)")
            C linker for the host machine: cc ld.bfd 2.27-44
            C++ compiler for the host machine: c++ (gcc 4.8.5 "c++ (GCC) 4.8.5 20150623 (Red Hat 4.8.5-44)")
            C++ linker for the host machine: c++ ld.bfd 2.27-44
            Cython compiler for the host machine: cython (cython 3.2.5)
            Host machine cpu family: x86_64
            Host machine cpu: x86_64
      
            ../meson.build:25:4: ERROR: Problem encountered: NumPy requires GCC >= 9.3
      
            A full log can be found at /tmp/pip-install-gdt3fz04/numpy_0875adf48b5c40f3bc0c07957f52389b/.mesonpy-6zfnubrj/meson-logs/meson-log.txt
            [end of output]
      
        note: This error originates from a subprocess, and is likely not a problem with pip.
      error: metadata-generation-failed
      
      × Encountered error while generating package metadata.
      ╰─> See above for output.
      
      note: This is an issue with the package mentioned above, not pip.
      hint: See above for details.
      [end of output]
  
  note: This error originates from a subprocess, and is likely not a problem with pip.
error: subprocess-exited-with-error

× pip subprocess to install build dependencies did not run successfully.
│ exit code: 1
╰─> See above for output.

note: This error originates from a subprocess, and is likely not a problem with pip.
