2026-06-16 20:24:29.668 | INFO     | __main__:main:781 - ======================================================================
2026-06-16 20:24:29.668 | INFO     | __main__:main:782 - QUASAR v13 — Adaptive Open-Ended Scalability Experiment
2026-06-16 20:24:29.668 | INFO     | __main__:main:783 -   Device:      cuda
2026-06-16 20:24:29.669 | INFO     | __main__:main:784 -   Qubit range: 2 → 12 (adaptive)
2026-06-16 20:24:29.669 | INFO     | __main__:main:785 -   Targets:     ['Cluster']
2026-06-16 20:24:29.669 | INFO     | __main__:main:786 -   Seeds:       [42, 123, 456]
2026-06-16 20:24:29.669 | INFO     | __main__:main:787 -   F threshold: 0.99 (advance) / 0.9 (floor)
2026-06-16 20:24:29.669 | INFO     | __main__:main:788 -   Max steps:   500000 @ 2Q, ×1.5 per qubit
2026-06-16 20:24:29.669 | INFO     | __main__:main:790 -   Noise stage: 5
2026-06-16 20:24:29.669 | INFO     | __main__:main:791 - ======================================================================
2026-06-16 20:24:29.669 | INFO     | __main__:main:814 - 
2026-06-16 20:24:29.669 | INFO     | __main__:main:815 - ======================================================================
2026-06-16 20:24:29.669 | INFO     | __main__:main:816 -   QUBIT LEVEL: 2Q  (budget=500,000 steps)
2026-06-16 20:24:29.669 | INFO     | __main__:main:817 - ======================================================================
2026-06-16 20:24:29.670 | INFO     | __main__:main:827 - DER++ buffer init: obs_dim=20, act_dim=6
2026-06-16 20:24:29.681 | INFO     | __main__:run_qubit_level:606 -   ── 2Q / Cluster / seed=42 ──
2026-06-16 20:27:10.451 | INFO     | __main__:run_cell:486 -     2Q/cluster_linear/s42 step=10,000 best_F=0.9603 plateau=28 alpha=0.0148
2026-06-16 20:27:38.216 | INFO     | __main__:run_cell:482 -     SLM correction applied at step=10939
2026-06-16 20:32:00.798 | INFO     | __main__:run_cell:486 -     2Q/cluster_linear/s42 step=20,000 best_F=0.9983 plateau=1,666 alpha=0.0148
2026-06-16 20:32:55.407 | INFO     | __main__:run_cell:482 -     SLM correction applied at step=21878
2026-06-16 20:36:49.350 | INFO     | __main__:run_cell:486 -     2Q/cluster_linear/s42 step=30,000 best_F=0.9983 plateau=11,666 alpha=0.0148
2026-06-16 20:38:10.699 | INFO     | __main__:run_cell:482 -     SLM correction applied at step=32817
2026-06-16 20:41:36.336 | INFO     | __main__:run_cell:486 -     2Q/cluster_linear/s42 step=40,000 best_F=0.9984 plateau=7,186 alpha=0.0148
2026-06-16 20:43:23.886 | INFO     | __main__:run_cell:482 -     SLM correction applied at step=43756
2026-06-16 20:46:22.067 | INFO     | __main__:run_cell:486 -     2Q/cluster_linear/s42 step=50,000 best_F=0.9984 plateau=17,186 alpha=0.0148
2026-06-16 20:47:00.145 | INFO     | __main__:run_cell:491 -     PLATEAU → early stop at step=51332
2026-06-16 20:47:00.148 | INFO     | __main__:run_qubit_level:645 -     HP trial 1/12: best_F=0.9984
2026-06-16 20:49:26.293 | INFO     | __main__:run_cell:486 -     2Q/cluster_linear/s42 step=10,000 best_F=0.8574 plateau=5,799 alpha=0.0225
2026-06-16 20:54:12.370 | INFO     | __main__:run_cell:486 -     2Q/cluster_linear/s42 step=20,000 best_F=0.9013 plateau=2,010 alpha=0.0225
2026-06-16 20:58:58.617 | INFO     | __main__:run_cell:486 -     2Q/cluster_linear/s42 step=30,000 best_F=0.9125 plateau=1,796 alpha=0.0225
2026-06-16 21:03:44.863 | INFO     | __main__:run_cell:486 -     2Q/cluster_linear/s42 step=40,000 best_F=0.9900 plateau=3,639 alpha=0.0225
2026-06-16 21:08:31.177 | INFO     | __main__:run_cell:486 -     2Q/cluster_linear/s42 step=50,000 best_F=0.9916 plateau=6,204 alpha=0.0225
2026-06-16 21:11:07.287 | INFO     | __main__:run_cell:482 -     SLM correction applied at step=55443
2026-06-16 21:11:10.467 | INFO     | __main__:run_qubit_level:645 -     HP trial 2/12: best_F=0.9947
2026-06-16 21:13:36.712 | INFO     | __main__:run_cell:486 -     2Q/cluster_linear/s42 step=10,000 best_F=0.8574 plateau=5,799 alpha=0.0186
2026-06-16 21:18:22.235 | INFO     | __main__:run_cell:486 -     2Q/cluster_linear/s42 step=20,000 best_F=0.8574 plateau=15,799 alpha=0.0186
2026-06-16 21:23:06.303 | INFO     | __main__:run_cell:486 -     2Q/cluster_linear/s42 step=30,000 best_F=0.9079 plateau=1,750 alpha=0.0186
