2026-06-15 21:05:59.231 | INFO     | __main__:main:781 - ======================================================================
2026-06-15 21:05:59.232 | INFO     | __main__:main:782 - QUASAR v13 — Adaptive Open-Ended Scalability Experiment
2026-06-15 21:05:59.232 | INFO     | __main__:main:783 -   Device:      cuda
2026-06-15 21:05:59.232 | INFO     | __main__:main:784 -   Qubit range: 2 → 12 (adaptive)
2026-06-15 21:05:59.232 | INFO     | __main__:main:785 -   Targets:     ['Cluster', 'W', 'GHZ', 'Dicke-k3']
2026-06-15 21:05:59.232 | INFO     | __main__:main:786 -   Seeds:       [42, 123, 456]
2026-06-15 21:05:59.232 | INFO     | __main__:main:787 -   F threshold: 0.99 (advance) / 0.9 (floor)
2026-06-15 21:05:59.232 | INFO     | __main__:main:788 -   Max steps:   500000 @ 2Q, ×1.5 per qubit
2026-06-15 21:05:59.232 | INFO     | __main__:main:790 -   Noise stage: 5
2026-06-15 21:05:59.232 | INFO     | __main__:main:791 - ======================================================================
2026-06-15 21:05:59.233 | INFO     | __main__:main:814 - 
2026-06-15 21:05:59.233 | INFO     | __main__:main:815 - ======================================================================
2026-06-15 21:05:59.233 | INFO     | __main__:main:816 -   QUBIT LEVEL: 2Q  (budget=500,000 steps)
2026-06-15 21:05:59.233 | INFO     | __main__:main:817 - ======================================================================
2026-06-15 21:05:59.233 | INFO     | __main__:main:827 - DER++ buffer init: obs_dim=20, act_dim=6
2026-06-15 21:05:59.244 | INFO     | __main__:run_qubit_level:606 -   ── 2Q / Cluster / seed=42 ──
2026-06-15 21:08:37.770 | INFO     | __main__:run_cell:486 -     2Q/cluster_linear/s42 step=10,000 best_F=0.9603 plateau=28 alpha=0.0148
2026-06-15 21:09:06.240 | INFO     | __main__:run_cell:482 -     SLM correction applied at step=10939
2026-06-15 21:13:31.883 | INFO     | __main__:run_cell:486 -     2Q/cluster_linear/s42 step=20,000 best_F=0.9983 plateau=1,666 alpha=0.0148
2026-06-15 21:14:26.812 | INFO     | __main__:run_cell:482 -     SLM correction applied at step=21878
2026-06-15 21:18:21.930 | INFO     | __main__:run_cell:486 -     2Q/cluster_linear/s42 step=30,000 best_F=0.9983 plateau=11,666 alpha=0.0148
2026-06-15 21:19:43.820 | INFO     | __main__:run_cell:482 -     SLM correction applied at step=32817
2026-06-15 21:23:12.864 | INFO     | __main__:run_cell:486 -     2Q/cluster_linear/s42 step=40,000 best_F=0.9984 plateau=7,186 alpha=0.0148
2026-06-15 21:25:02.565 | INFO     | __main__:run_cell:482 -     SLM correction applied at step=43756
2026-06-15 21:28:04.235 | INFO     | __main__:run_cell:486 -     2Q/cluster_linear/s42 step=50,000 best_F=0.9984 plateau=17,186 alpha=0.0148
2026-06-15 21:28:43.013 | INFO     | __main__:run_cell:491 -     PLATEAU → early stop at step=51332
2026-06-15 21:28:43.016 | INFO     | __main__:run_qubit_level:645 -     HP trial 1/12: best_F=0.9984
2026-06-15 21:31:12.244 | INFO     | __main__:run_cell:486 -     2Q/cluster_linear/s42 step=10,000 best_F=0.8574 plateau=5,799 alpha=0.0225
2026-06-15 21:36:06.576 | INFO     | __main__:run_cell:486 -     2Q/cluster_linear/s42 step=20,000 best_F=0.9013 plateau=2,010 alpha=0.0225
2026-06-15 21:40:59.575 | INFO     | __main__:run_cell:486 -     2Q/cluster_linear/s42 step=30,000 best_F=0.9125 plateau=1,796 alpha=0.0225
2026-06-15 21:45:52.561 | INFO     | __main__:run_cell:486 -     2Q/cluster_linear/s42 step=40,000 best_F=0.9900 plateau=3,639 alpha=0.0225
2026-06-15 21:50:45.621 | INFO     | __main__:run_cell:486 -     2Q/cluster_linear/s42 step=50,000 best_F=0.9916 plateau=6,204 alpha=0.0225
2026-06-15 21:53:25.485 | INFO     | __main__:run_cell:482 -     SLM correction applied at step=55443
2026-06-15 21:53:28.750 | INFO     | __main__:run_qubit_level:645 -     HP trial 2/12: best_F=0.9947
2026-06-15 21:55:57.361 | INFO     | __main__:run_cell:486 -     2Q/cluster_linear/s42 step=10,000 best_F=0.8574 plateau=5,799 alpha=0.0186
2026-06-15 22:00:47.449 | INFO     | __main__:run_cell:486 -     2Q/cluster_linear/s42 step=20,000 best_F=0.8574 plateau=15,799 alpha=0.0186
2026-06-15 22:05:36.477 | INFO     | __main__:run_cell:486 -     2Q/cluster_linear/s42 step=30,000 best_F=0.9079 plateau=1,750 alpha=0.0186
2026-06-15 22:10:27.114 | INFO     | __main__:run_cell:486 -     2Q/cluster_linear/s42 step=40,000 best_F=0.9079 plateau=11,750 alpha=0.0186
2026-06-15 22:13:43.423 | INFO     | __main__:run_cell:491 -     PLATEAU → early stop at step=46768
2026-06-15 22:13:43.425 | INFO     | __main__:run_qubit_level:645 -     HP trial 3/12: best_F=0.9079
2026-06-15 22:16:12.080 | INFO     | __main__:run_cell:486 -     2Q/cluster_linear/s42 step=10,000 best_F=0.9112 plateau=727 alpha=0.0252
2026-06-15 22:21:03.192 | INFO     | __main__:run_cell:486 -     2Q/cluster_linear/s42 step=20,000 best_F=0.9112 plateau=10,727 alpha=0.0252
2026-06-15 22:24:49.616 | INFO     | __main__:run_cell:491 -     PLATEAU → early stop at step=27791
2026-06-15 22:24:49.618 | INFO     | __main__:run_qubit_level:645 -     HP trial 4/12: best_F=0.9112
2026-06-15 22:27:18.950 | INFO     | __main__:run_cell:486 -     2Q/cluster_linear/s42 step=10,000 best_F=0.9094 plateau=1,125 alpha=0.0025
2026-06-15 22:32:12.104 | INFO     | __main__:run_cell:486 -     2Q/cluster_linear/s42 step=20,000 best_F=0.9931 plateau=4,015 alpha=0.0025
2026-06-15 22:37:06.460 | INFO     | __main__:run_cell:486 -     2Q/cluster_linear/s42 step=30,000 best_F=0.9931 plateau=14,015 alpha=0.0025
2026-06-15 22:39:19.192 | INFO     | __main__:run_cell:491 -     PLATEAU → early stop at step=34503
2026-06-15 22:39:19.194 | INFO     | __main__:run_qubit_level:645 -     HP trial 5/12: best_F=0.9931
2026-06-15 22:41:48.659 | INFO     | __main__:run_cell:486 -     2Q/cluster_linear/s42 step=10,000 best_F=0.8574 plateau=5,799 alpha=0.0018
2026-06-15 22:46:41.129 | INFO     | __main__:run_cell:486 -     2Q/cluster_linear/s42 step=20,000 best_F=0.8574 plateau=15,799 alpha=0.0018
2026-06-15 22:48:00.568 | INFO     | __main__:run_cell:491 -     PLATEAU → early stop at step=22719
2026-06-15 22:48:00.570 | INFO     | __main__:run_qubit_level:645 -     HP trial 6/12: best_F=0.8574
2026-06-15 22:50:29.952 | INFO     | __main__:run_cell:486 -     2Q/cluster_linear/s42 step=10,000 best_F=0.9450 plateau=17 alpha=0.0231
2026-06-15 22:55:24.272 | INFO     | __main__:run_cell:486 -     2Q/cluster_linear/s42 step=20,000 best_F=0.9888 plateau=2,077 alpha=0.0231
2026-06-15 23:00:19.725 | INFO     | __main__:run_cell:486 -     2Q/cluster_linear/s42 step=30,000 best_F=0.9888 plateau=12,077 alpha=0.0231
2026-06-15 23:03:30.041 | INFO     | __main__:run_cell:491 -     PLATEAU → early stop at step=36441
2026-06-15 23:03:30.043 | INFO     | __main__:run_qubit_level:645 -     HP trial 7/12: best_F=0.9888
2026-06-15 23:06:00.783 | INFO     | __main__:run_cell:486 -     2Q/cluster_linear/s42 step=10,000 best_F=0.9426 plateau=384 alpha=0.0190
2026-06-15 23:10:53.124 | INFO     | __main__:run_cell:486 -     2Q/cluster_linear/s42 step=20,000 best_F=0.9896 plateau=3,546 alpha=0.0190
2026-06-15 23:15:43.020 | INFO     | __main__:run_cell:486 -     2Q/cluster_linear/s42 step=30,000 best_F=0.9995 plateau=4,724 alpha=0.0190
2026-06-15 23:20:32.638 | INFO     | __main__:run_cell:486 -     2Q/cluster_linear/s42 step=40,000 best_F=0.9995 plateau=14,724 alpha=0.0190
2026-06-15 23:22:22.681 | INFO     | __main__:run_cell:491 -     PLATEAU → early stop at step=43794
2026-06-15 23:22:22.683 | INFO     | __main__:run_qubit_level:645 -     HP trial 8/12: best_F=0.9995
2026-06-15 23:24:51.415 | INFO     | __main__:run_cell:486 -     2Q/cluster_linear/s42 step=10,000 best_F=0.8574 plateau=5,799 alpha=0.0084
2026-06-15 23:29:43.242 | INFO     | __main__:run_cell:486 -     2Q/cluster_linear/s42 step=20,000 best_F=0.8733 plateau=5,114 alpha=0.0084
2026-06-15 23:34:34.982 | INFO     | __main__:run_cell:486 -     2Q/cluster_linear/s42 step=30,000 best_F=0.9805 plateau=2,544 alpha=0.0084
2026-06-15 23:39:28.792 | INFO     | __main__:run_cell:486 -     2Q/cluster_linear/s42 step=40,000 best_F=0.9805 plateau=12,544 alpha=0.0084
2026-06-15 23:42:22.776 | INFO     | __main__:run_cell:491 -     PLATEAU → early stop at step=45974
2026-06-15 23:42:22.777 | INFO     | __main__:run_qubit_level:645 -     HP trial 9/12: best_F=0.9805
2026-06-15 23:44:51.769 | INFO     | __main__:run_cell:486 -     2Q/cluster_linear/s42 step=10,000 best_F=0.8739 plateau=624 alpha=0.0103
2026-06-15 23:49:45.369 | INFO     | __main__:run_cell:486 -     2Q/cluster_linear/s42 step=20,000 best_F=0.9543 plateau=3,546 alpha=0.0103
2026-06-15 23:54:41.404 | INFO     | __main__:run_cell:486 -     2Q/cluster_linear/s42 step=30,000 best_F=0.9543 plateau=13,546 alpha=0.0103
2026-06-15 23:57:08.981 | INFO     | __main__:run_cell:491 -     PLATEAU → early stop at step=34972
2026-06-15 23:57:08.983 | INFO     | __main__:run_qubit_level:645 -     HP trial 10/12: best_F=0.9543
2026-06-15 23:59:41.436 | INFO     | __main__:run_cell:486 -     2Q/cluster_linear/s42 step=10,000 best_F=0.8747 plateau=1,048 alpha=0.0053
2026-06-16 00:04:37.300 | INFO     | __main__:run_cell:486 -     2Q/cluster_linear/s42 step=20,000 best_F=0.8747 plateau=11,048 alpha=0.0053
2026-06-16 00:08:17.509 | INFO     | __main__:run_cell:491 -     PLATEAU → early stop at step=27470
2026-06-16 00:08:17.511 | INFO     | __main__:run_qubit_level:645 -     HP trial 11/12: best_F=0.8747
2026-06-16 00:10:46.555 | INFO     | __main__:run_cell:486 -     2Q/cluster_linear/s42 step=10,000 best_F=0.8574 plateau=5,799 alpha=0.0111
2026-06-16 00:15:37.359 | INFO     | __main__:run_cell:486 -     2Q/cluster_linear/s42 step=20,000 best_F=0.8675 plateau=5,060 alpha=0.0111
2026-06-16 00:20:27.891 | INFO     | __main__:run_cell:486 -     2Q/cluster_linear/s42 step=30,000 best_F=0.9248 plateau=2,051 alpha=0.0111
2026-06-16 00:25:18.785 | INFO     | __main__:run_cell:486 -     2Q/cluster_linear/s42 step=40,000 best_F=0.9248 plateau=12,051 alpha=0.0111
2026-06-16 00:28:26.968 | INFO     | __main__:run_cell:491 -     PLATEAU → early stop at step=46467
2026-06-16 00:28:26.970 | INFO     | __main__:run_qubit_level:645 -     HP trial 12/12: best_F=0.9248
2026-06-16 00:28:26.970 | INFO     | __main__:run_qubit_level:654 -   Best HP (F=0.9995), running full budget 500,000 steps...
2026-06-16 00:28:27.006 | INFO     | __main__:transfer_agent:362 -   Transfer: 20→20 obs, 6→6 act
2026-06-16 00:30:56.597 | INFO     | __main__:run_cell:486 -     2Q/cluster_linear/s42 step=10,000 best_F=0.9909 plateau=3,069 alpha=0.0190
2026-06-16 00:35:50.069 | INFO     | __main__:run_cell:486 -     2Q/cluster_linear/s42 step=20,000 best_F=0.9970 plateau=5,334 alpha=0.0190
2026-06-16 00:40:45.499 | INFO     | __main__:run_cell:486 -     2Q/cluster_linear/s42 step=30,000 best_F=0.9970 plateau=15,334 alpha=0.0190
2026-06-16 00:45:39.946 | INFO     | __main__:run_cell:486 -     2Q/cluster_linear/s42 step=40,000 best_F=0.9972 plateau=6,157 alpha=0.0190
2026-06-16 00:50:35.505 | INFO     | __main__:run_cell:486 -     2Q/cluster_linear/s42 step=50,000 best_F=0.9984 plateau=116 alpha=0.0190
2026-06-16 00:55:30.959 | INFO     | __main__:run_cell:486 -     2Q/cluster_linear/s42 step=60,000 best_F=0.9984 plateau=10,116 alpha=0.0190
2026-06-16 01:00:26.795 | INFO     | __main__:run_cell:486 -     2Q/cluster_linear/s42 step=70,000 best_F=0.9984 plateau=20,116 alpha=0.0190
2026-06-16 01:05:21.661 | INFO     | __main__:run_cell:486 -     2Q/cluster_linear/s42 step=80,000 best_F=0.9984 plateau=30,116 alpha=0.0190
2026-06-16 01:07:23.531 | INFO     | __main__:run_cell:482 -     SLM correction applied at step=84113
2026-06-16 01:10:17.131 | INFO     | __main__:run_cell:486 -     2Q/cluster_linear/s42 step=90,000 best_F=0.9984 plateau=40,116 alpha=0.0190
2026-06-16 01:15:11.993 | INFO     | __main__:run_cell:486 -     2Q/cluster_linear/s42 step=100,000 best_F=0.9984 plateau=50,116 alpha=0.0190
2026-06-16 01:20:04.099 | INFO     | __main__:run_cell:486 -     2Q/cluster_linear/s42 step=110,000 best_F=0.9984 plateau=60,116 alpha=0.0190
2026-06-16 01:24:55.151 | INFO     | __main__:run_cell:486 -     2Q/cluster_linear/s42 step=120,000 best_F=0.9984 plateau=70,116 alpha=0.0190
2026-06-16 01:29:46.251 | INFO     | __main__:run_cell:486 -     2Q/cluster_linear/s42 step=130,000 best_F=0.9984 plateau=80,116 alpha=0.0190
2026-06-16 01:34:36.299 | INFO     | __main__:run_cell:486 -     2Q/cluster_linear/s42 step=140,000 best_F=0.9988 plateau=2,918 alpha=0.0190
2026-06-16 01:39:26.817 | INFO     | __main__:run_cell:486 -     2Q/cluster_linear/s42 step=150,000 best_F=0.9988 plateau=12,918 alpha=0.0190
2026-06-16 01:44:16.773 | INFO     | __main__:run_cell:486 -     2Q/cluster_linear/s42 step=160,000 best_F=0.9988 plateau=22,918 alpha=0.0190
2026-06-16 01:48:15.996 | INFO     | __main__:run_cell:482 -     SLM correction applied at step=168226
2026-06-16 01:49:07.667 | INFO     | __main__:run_cell:486 -     2Q/cluster_linear/s42 step=170,000 best_F=0.9989 plateau=2,431 alpha=0.0190
2026-06-16 01:53:58.888 | INFO     | __main__:run_cell:486 -     2Q/cluster_linear/s42 step=180,000 best_F=0.9989 plateau=12,431 alpha=0.0190
2026-06-16 01:58:50.625 | INFO     | __main__:run_cell:486 -     2Q/cluster_linear/s42 step=190,000 best_F=0.9989 plateau=22,431 alpha=0.0190
2026-06-16 02:03:42.525 | INFO     | __main__:run_cell:486 -     2Q/cluster_linear/s42 step=200,000 best_F=0.9989 plateau=32,431 alpha=0.0190
2026-06-16 02:08:32.467 | INFO     | __main__:run_cell:486 -     2Q/cluster_linear/s42 step=210,000 best_F=0.9989 plateau=42,431 alpha=0.0190
2026-06-16 02:13:21.901 | INFO     | __main__:run_cell:486 -     2Q/cluster_linear/s42 step=220,000 best_F=0.9989 plateau=52,431 alpha=0.0190
2026-06-16 02:18:11.213 | INFO     | __main__:run_cell:486 -     2Q/cluster_linear/s42 step=230,000 best_F=0.9989 plateau=62,431 alpha=0.0190
2026-06-16 02:23:00.577 | INFO     | __main__:run_cell:486 -     2Q/cluster_linear/s42 step=240,000 best_F=0.9989 plateau=72,431 alpha=0.0190
2026-06-16 02:27:50.197 | INFO     | __main__:run_cell:486 -     2Q/cluster_linear/s42 step=250,000 best_F=0.9989 plateau=82,431 alpha=0.0190
2026-06-16 02:28:58.304 | INFO     | __main__:run_cell:482 -     SLM correction applied at step=252339
2026-06-16 02:32:39.982 | INFO     | __main__:run_cell:486 -     2Q/cluster_linear/s42 step=260,000 best_F=0.9998 plateau=718 alpha=0.0190
2026-06-16 02:37:29.634 | INFO     | __main__:run_cell:486 -     2Q/cluster_linear/s42 step=270,000 best_F=0.9998 plateau=10,718 alpha=0.0190
2026-06-16 02:42:19.062 | INFO     | __main__:run_cell:486 -     2Q/cluster_linear/s42 step=280,000 best_F=0.9998 plateau=20,718 alpha=0.0190
2026-06-16 02:47:08.940 | INFO     | __main__:run_cell:486 -     2Q/cluster_linear/s42 step=290,000 best_F=0.9998 plateau=30,718 alpha=0.0190
2026-06-16 02:51:58.770 | INFO     | __main__:run_cell:486 -     2Q/cluster_linear/s42 step=300,000 best_F=0.9998 plateau=40,718 alpha=0.0190
2026-06-16 02:56:48.583 | INFO     | __main__:run_cell:486 -     2Q/cluster_linear/s42 step=310,000 best_F=0.9998 plateau=50,718 alpha=0.0190
2026-06-16 03:01:38.306 | INFO     | __main__:run_cell:486 -     2Q/cluster_linear/s42 step=320,000 best_F=0.9998 plateau=60,718 alpha=0.0190
2026-06-16 03:06:27.883 | INFO     | __main__:run_cell:486 -     2Q/cluster_linear/s42 step=330,000 best_F=0.9998 plateau=70,718 alpha=0.0190
2026-06-16 03:09:35.228 | INFO     | __main__:run_cell:482 -     SLM correction applied at step=336452
2026-06-16 03:11:18.007 | INFO     | __main__:run_cell:486 -     2Q/cluster_linear/s42 step=340,000 best_F=0.9998 plateau=80,718 alpha=0.0190
2026-06-16 03:16:07.659 | INFO     | __main__:run_cell:486 -     2Q/cluster_linear/s42 step=350,000 best_F=0.9998 plateau=90,718 alpha=0.0190
2026-06-16 03:20:58.100 | INFO     | __main__:run_cell:486 -     2Q/cluster_linear/s42 step=360,000 best_F=0.9998 plateau=100,718 alpha=0.0190
2026-06-16 03:25:49.307 | INFO     | __main__:run_cell:486 -     2Q/cluster_linear/s42 step=370,000 best_F=0.9998 plateau=110,718 alpha=0.0190
2026-06-16 03:30:39.743 | INFO     | __main__:run_cell:486 -     2Q/cluster_linear/s42 step=380,000 best_F=0.9998 plateau=120,718 alpha=0.0190
2026-06-16 03:35:29.385 | INFO     | __main__:run_cell:486 -     2Q/cluster_linear/s42 step=390,000 best_F=0.9998 plateau=130,718 alpha=0.0190
2026-06-16 03:40:19.219 | INFO     | __main__:run_cell:486 -     2Q/cluster_linear/s42 step=400,000 best_F=0.9998 plateau=140,718 alpha=0.0190
2026-06-16 03:45:09.155 | INFO     | __main__:run_cell:486 -     2Q/cluster_linear/s42 step=410,000 best_F=0.9998 plateau=150,718 alpha=0.0190
2026-06-16 03:49:59.263 | INFO     | __main__:run_cell:486 -     2Q/cluster_linear/s42 step=420,000 best_F=0.9998 plateau=160,718 alpha=0.0190
2026-06-16 03:50:16.073 | INFO     | __main__:run_cell:482 -     SLM correction applied at step=420565
2026-06-16 03:52:52.288 | INFO     | __main__:run_cell:491 -     PLATEAU → early stop at step=425948
2026-06-16 03:52:52.290 | INFO     | __main__:run_qubit_level:677 -   ✓ 2Q/Cluster/s42 → best_F=0.9998
Traceback (most recent call last):
  File "/home/ralshehri0468/quasar_v13/quasar_v13_adaptive.py", line 904, in <module>
    main()
  File "/home/ralshehri0468/quasar_v13/quasar_v13_adaptive.py", line 828, in main
    cell_results, best_agent = run_qubit_level(
                               ^^^^^^^^^^^^^^^^
  File "/home/ralshehri0468/quasar_v13/quasar_v13_adaptive.py", line 691, in run_qubit_level
    if factory.best_agent is not None and best_F > level_best_F:
       ^^^^^^^
NameError: name 'factory' is not defined
