2026-06-16 03:11:55.528 | INFO     | __main__:main:781 - ======================================================================
2026-06-16 03:11:55.528 | INFO     | __main__:main:782 - QUASAR v13 — Adaptive Open-Ended Scalability Experiment
2026-06-16 03:11:55.529 | INFO     | __main__:main:783 -   Device:      cuda
2026-06-16 03:11:55.529 | INFO     | __main__:main:784 -   Qubit range: 2 → 12 (adaptive)
2026-06-16 03:11:55.529 | INFO     | __main__:main:785 -   Targets:     ['GHZ', 'W', 'Dicke-k3']
2026-06-16 03:11:55.529 | INFO     | __main__:main:786 -   Seeds:       [42, 123, 456]
2026-06-16 03:11:55.529 | INFO     | __main__:main:787 -   F threshold: 0.99 (advance) / 0.9 (floor)
2026-06-16 03:11:55.529 | INFO     | __main__:main:788 -   Max steps:   500000 @ 2Q, ×1.5 per qubit
2026-06-16 03:11:55.529 | INFO     | __main__:main:790 -   Noise stage: 5
2026-06-16 03:11:55.529 | INFO     | __main__:main:791 - ======================================================================
2026-06-16 03:11:55.529 | INFO     | __main__:main:814 - 
2026-06-16 03:11:55.529 | INFO     | __main__:main:815 - ======================================================================
2026-06-16 03:11:55.529 | INFO     | __main__:main:816 -   QUBIT LEVEL: 2Q  (budget=500,000 steps)
2026-06-16 03:11:55.529 | INFO     | __main__:main:817 - ======================================================================
2026-06-16 03:11:55.530 | INFO     | __main__:main:827 - DER++ buffer init: obs_dim=20, act_dim=6
2026-06-16 03:11:55.536 | INFO     | __main__:run_qubit_level:606 -   ── 2Q / GHZ / seed=42 ──
2026-06-16 03:14:16.925 | INFO     | __main__:run_cell:486 -     2Q/ghz/s42 step=10,000 best_F=0.9302 plateau=1,568 alpha=0.0148
2026-06-16 03:14:42.109 | INFO     | __main__:run_cell:482 -     SLM correction applied at step=10939
2026-06-16 03:18:39.720 | INFO     | __main__:run_cell:486 -     2Q/ghz/s42 step=20,000 best_F=0.9897 plateau=2,788 alpha=0.0148
2026-06-16 03:19:29.698 | INFO     | __main__:run_cell:482 -     SLM correction applied at step=21878
2026-06-16 03:23:04.132 | INFO     | __main__:run_cell:486 -     2Q/ghz/s42 step=30,000 best_F=0.9918 plateau=9,271 alpha=0.0148
2026-06-16 03:24:18.789 | INFO     | __main__:run_cell:482 -     SLM correction applied at step=32817
2026-06-16 03:27:08.084 | INFO     | __main__:run_cell:491 -     PLATEAU → early stop at step=39247
2026-06-16 03:27:08.087 | INFO     | __main__:run_qubit_level:645 -     HP trial 1/12: best_F=0.9918
2026-06-16 03:29:25.693 | INFO     | __main__:run_cell:486 -     2Q/ghz/s42 step=10,000 best_F=0.9391 plateau=114 alpha=0.0225
2026-06-16 03:33:49.443 | INFO     | __main__:run_cell:486 -     2Q/ghz/s42 step=20,000 best_F=0.9896 plateau=6,033 alpha=0.0225
2026-06-16 03:38:12.929 | INFO     | __main__:run_cell:486 -     2Q/ghz/s42 step=30,000 best_F=0.9896 plateau=16,033 alpha=0.0225
2026-06-16 03:39:18.462 | INFO     | __main__:run_cell:491 -     PLATEAU → early stop at step=32485
2026-06-16 03:39:18.464 | INFO     | __main__:run_qubit_level:645 -     HP trial 2/12: best_F=0.9896
2026-06-16 03:41:35.534 | INFO     | __main__:run_cell:486 -     2Q/ghz/s42 step=10,000 best_F=0.8825 plateau=3,581 alpha=0.0186
2026-06-16 03:45:58.721 | INFO     | __main__:run_cell:486 -     2Q/ghz/s42 step=20,000 best_F=0.8825 plateau=13,581 alpha=0.0186
2026-06-16 03:48:08.633 | INFO     | __main__:run_cell:491 -     PLATEAU → early stop at step=24937
2026-06-16 03:48:08.636 | INFO     | __main__:run_qubit_level:645 -     HP trial 3/12: best_F=0.8825
2026-06-16 03:50:24.685 | INFO     | __main__:run_cell:486 -     2Q/ghz/s42 step=10,000 best_F=0.8724 plateau=6,636 alpha=0.0252
2026-06-16 03:54:45.953 | INFO     | __main__:run_cell:486 -     2Q/ghz/s42 step=20,000 best_F=0.8724 plateau=16,636 alpha=0.0252
2026-06-16 03:55:35.118 | INFO     | __main__:run_cell:491 -     PLATEAU → early stop at step=21882
2026-06-16 03:55:35.120 | INFO     | __main__:run_qubit_level:645 -     HP trial 4/12: best_F=0.8724
2026-06-16 03:57:52.362 | INFO     | __main__:run_cell:486 -     2Q/ghz/s42 step=10,000 best_F=0.9049 plateau=382 alpha=0.0025
2026-06-16 04:02:16.228 | INFO     | __main__:run_cell:486 -     2Q/ghz/s42 step=20,000 best_F=0.9889 plateau=6,611 alpha=0.0025
2026-06-16 04:06:40.777 | INFO     | __main__:run_cell:486 -     2Q/ghz/s42 step=30,000 best_F=0.9889 plateau=16,611 alpha=0.0025
2026-06-16 04:07:31.215 | INFO     | __main__:run_cell:491 -     PLATEAU → early stop at step=31907
2026-06-16 04:07:31.218 | INFO     | __main__:run_qubit_level:645 -     HP trial 5/12: best_F=0.9889
2026-06-16 04:09:49.505 | INFO     | __main__:run_cell:486 -     2Q/ghz/s42 step=10,000 best_F=0.8724 plateau=6,636 alpha=0.0018
2026-06-16 04:14:15.241 | INFO     | __main__:run_cell:486 -     2Q/ghz/s42 step=20,000 best_F=0.8724 plateau=16,636 alpha=0.0018
2026-06-16 04:15:05.266 | INFO     | __main__:run_cell:491 -     PLATEAU → early stop at step=21882
2026-06-16 04:15:05.268 | INFO     | __main__:run_qubit_level:645 -     HP trial 6/12: best_F=0.8724
2026-06-16 04:17:22.045 | INFO     | __main__:run_cell:486 -     2Q/ghz/s42 step=10,000 best_F=0.8843 plateau=4,061 alpha=0.0231
2026-06-16 04:21:44.277 | INFO     | __main__:run_cell:486 -     2Q/ghz/s42 step=20,000 best_F=0.9901 plateau=127 alpha=0.0231
2026-06-16 04:26:05.786 | INFO     | __main__:run_cell:486 -     2Q/ghz/s42 step=30,000 best_F=0.9901 plateau=10,127 alpha=0.0231
2026-06-16 04:29:45.084 | INFO     | __main__:run_cell:491 -     PLATEAU → early stop at step=38391
2026-06-16 04:29:45.086 | INFO     | __main__:run_qubit_level:645 -     HP trial 7/12: best_F=0.9901
2026-06-16 04:32:02.282 | INFO     | __main__:run_cell:486 -     2Q/ghz/s42 step=10,000 best_F=0.9665 plateau=96 alpha=0.0190
2026-06-16 04:36:26.071 | INFO     | __main__:run_cell:486 -     2Q/ghz/s42 step=20,000 best_F=0.9921 plateau=7,667 alpha=0.0190
2026-06-16 04:40:50.040 | INFO     | __main__:run_cell:486 -     2Q/ghz/s42 step=30,000 best_F=0.9925 plateau=5,512 alpha=0.0190
2026-06-16 04:45:16.604 | INFO     | __main__:run_cell:486 -     2Q/ghz/s42 step=40,000 best_F=0.9925 plateau=15,512 alpha=0.0190
2026-06-16 04:46:36.753 | INFO     | __main__:run_cell:491 -     PLATEAU → early stop at step=43006
2026-06-16 04:46:36.754 | INFO     | __main__:run_qubit_level:645 -     HP trial 8/12: best_F=0.9925
2026-06-16 04:48:55.362 | INFO     | __main__:run_cell:486 -     2Q/ghz/s42 step=10,000 best_F=0.9554 plateau=1,738 alpha=0.0084
2026-06-16 04:53:18.416 | INFO     | __main__:run_cell:486 -     2Q/ghz/s42 step=20,000 best_F=0.9782 plateau=3,515 alpha=0.0084
2026-06-16 04:57:41.295 | INFO     | __main__:run_cell:486 -     2Q/ghz/s42 step=30,000 best_F=0.9891 plateau=1,880 alpha=0.0084
2026-06-16 05:02:04.068 | INFO     | __main__:run_cell:486 -     2Q/ghz/s42 step=40,000 best_F=0.9891 plateau=11,880 alpha=0.0084
2026-06-16 05:04:58.596 | INFO     | __main__:run_cell:491 -     PLATEAU → early stop at step=46638
2026-06-16 05:04:58.598 | INFO     | __main__:run_qubit_level:645 -     HP trial 9/12: best_F=0.9891
2026-06-16 05:07:16.507 | INFO     | __main__:run_cell:486 -     2Q/ghz/s42 step=10,000 best_F=0.9675 plateau=66 alpha=0.0103
2026-06-16 05:11:41.442 | INFO     | __main__:run_cell:486 -     2Q/ghz/s42 step=20,000 best_F=0.9675 plateau=10,066 alpha=0.0103
2026-06-16 05:15:25.667 | INFO     | __main__:run_cell:491 -     PLATEAU → early stop at step=28452
2026-06-16 05:15:25.669 | INFO     | __main__:run_qubit_level:645 -     HP trial 10/12: best_F=0.9675
2026-06-16 05:17:43.644 | INFO     | __main__:run_cell:486 -     2Q/ghz/s42 step=10,000 best_F=0.8724 plateau=6,636 alpha=0.0053
2026-06-16 05:22:08.790 | INFO     | __main__:run_cell:486 -     2Q/ghz/s42 step=20,000 best_F=0.8724 plateau=16,636 alpha=0.0053
2026-06-16 05:22:58.633 | INFO     | __main__:run_cell:491 -     PLATEAU → early stop at step=21882
2026-06-16 05:22:58.635 | INFO     | __main__:run_qubit_level:645 -     HP trial 11/12: best_F=0.8724
2026-06-16 05:25:16.744 | INFO     | __main__:run_cell:486 -     2Q/ghz/s42 step=10,000 best_F=0.8724 plateau=6,636 alpha=0.0111
2026-06-16 05:29:42.436 | INFO     | __main__:run_cell:486 -     2Q/ghz/s42 step=20,000 best_F=0.8724 plateau=16,636 alpha=0.0111
2026-06-16 05:30:32.404 | INFO     | __main__:run_cell:491 -     PLATEAU → early stop at step=21882
2026-06-16 05:30:32.406 | INFO     | __main__:run_qubit_level:645 -     HP trial 12/12: best_F=0.8724
2026-06-16 05:30:32.406 | INFO     | __main__:run_qubit_level:654 -   Best HP (F=0.9925), running full budget 500,000 steps...
2026-06-16 05:30:32.436 | INFO     | __main__:transfer_agent:362 -   Transfer: 20→20 obs, 6→6 act
2026-06-16 05:32:50.971 | INFO     | __main__:run_cell:486 -     2Q/ghz/s42 step=10,000 best_F=0.9958 plateau=3,577 alpha=0.0190
2026-06-16 05:37:17.152 | INFO     | __main__:run_cell:486 -     2Q/ghz/s42 step=20,000 best_F=0.9986 plateau=4,582 alpha=0.0190
2026-06-16 05:41:43.311 | INFO     | __main__:run_cell:486 -     2Q/ghz/s42 step=30,000 best_F=0.9986 plateau=14,582 alpha=0.0190
2026-06-16 05:46:09.370 | INFO     | __main__:run_cell:486 -     2Q/ghz/s42 step=40,000 best_F=0.9986 plateau=24,582 alpha=0.0190
2026-06-16 05:50:31.228 | INFO     | __main__:run_cell:486 -     2Q/ghz/s42 step=50,000 best_F=0.9986 plateau=34,582 alpha=0.0190
2026-06-16 05:54:56.929 | INFO     | __main__:run_cell:486 -     2Q/ghz/s42 step=60,000 best_F=0.9986 plateau=44,582 alpha=0.0190
2026-06-16 05:59:23.030 | INFO     | __main__:run_cell:486 -     2Q/ghz/s42 step=70,000 best_F=0.9986 plateau=54,582 alpha=0.0190
2026-06-16 06:03:49.310 | INFO     | __main__:run_cell:486 -     2Q/ghz/s42 step=80,000 best_F=0.9986 plateau=64,582 alpha=0.0190
2026-06-16 06:05:39.321 | INFO     | __main__:run_cell:482 -     SLM correction applied at step=84113
2026-06-16 06:08:16.052 | INFO     | __main__:run_cell:486 -     2Q/ghz/s42 step=90,000 best_F=0.9986 plateau=74,582 alpha=0.0190
2026-06-16 06:12:42.158 | INFO     | __main__:run_cell:486 -     2Q/ghz/s42 step=100,000 best_F=0.9994 plateau=3,753 alpha=0.0190
2026-06-16 06:17:08.366 | INFO     | __main__:run_cell:486 -     2Q/ghz/s42 step=110,000 best_F=0.9994 plateau=13,753 alpha=0.0190
2026-06-16 06:21:34.157 | INFO     | __main__:run_cell:486 -     2Q/ghz/s42 step=120,000 best_F=0.9994 plateau=23,753 alpha=0.0190
2026-06-16 06:25:58.862 | INFO     | __main__:run_cell:486 -     2Q/ghz/s42 step=130,000 best_F=0.9994 plateau=33,753 alpha=0.0190
2026-06-16 06:30:23.551 | INFO     | __main__:run_cell:486 -     2Q/ghz/s42 step=140,000 best_F=0.9994 plateau=43,753 alpha=0.0190
2026-06-16 06:34:48.321 | INFO     | __main__:run_cell:486 -     2Q/ghz/s42 step=150,000 best_F=0.9994 plateau=53,753 alpha=0.0190
2026-06-16 06:39:13.008 | INFO     | __main__:run_cell:486 -     2Q/ghz/s42 step=160,000 best_F=0.9994 plateau=63,753 alpha=0.0190
2026-06-16 06:42:51.258 | INFO     | __main__:run_cell:482 -     SLM correction applied at step=168226
2026-06-16 06:43:38.073 | INFO     | __main__:run_cell:486 -     2Q/ghz/s42 step=170,000 best_F=0.9994 plateau=73,753 alpha=0.0190
2026-06-16 06:48:02.354 | INFO     | __main__:run_cell:486 -     2Q/ghz/s42 step=180,000 best_F=0.9994 plateau=83,753 alpha=0.0190
2026-06-16 06:52:26.521 | INFO     | __main__:run_cell:486 -     2Q/ghz/s42 step=190,000 best_F=0.9997 plateau=9,981 alpha=0.0190
2026-06-16 06:56:50.692 | INFO     | __main__:run_cell:486 -     2Q/ghz/s42 step=200,000 best_F=0.9997 plateau=19,981 alpha=0.0190
2026-06-16 07:01:14.958 | INFO     | __main__:run_cell:486 -     2Q/ghz/s42 step=210,000 best_F=0.9997 plateau=29,981 alpha=0.0190
2026-06-16 07:05:39.097 | INFO     | __main__:run_cell:486 -     2Q/ghz/s42 step=220,000 best_F=0.9997 plateau=39,981 alpha=0.0190
2026-06-16 07:10:03.203 | INFO     | __main__:run_cell:486 -     2Q/ghz/s42 step=230,000 best_F=0.9997 plateau=49,981 alpha=0.0190
2026-06-16 07:14:27.486 | INFO     | __main__:run_cell:486 -     2Q/ghz/s42 step=240,000 best_F=0.9997 plateau=59,981 alpha=0.0190
2026-06-16 07:18:52.263 | INFO     | __main__:run_cell:486 -     2Q/ghz/s42 step=250,000 best_F=0.9997 plateau=69,981 alpha=0.0190
2026-06-16 07:19:54.965 | INFO     | __main__:run_cell:482 -     SLM correction applied at step=252339
2026-06-16 07:23:17.687 | INFO     | __main__:run_cell:486 -     2Q/ghz/s42 step=260,000 best_F=0.9997 plateau=79,981 alpha=0.0190
2026-06-16 07:27:42.985 | INFO     | __main__:run_cell:486 -     2Q/ghz/s42 step=270,000 best_F=0.9997 plateau=89,981 alpha=0.0190
2026-06-16 07:32:07.490 | INFO     | __main__:run_cell:486 -     2Q/ghz/s42 step=280,000 best_F=0.9997 plateau=99,981 alpha=0.0190
2026-06-16 07:36:31.984 | INFO     | __main__:run_cell:486 -     2Q/ghz/s42 step=290,000 best_F=0.9997 plateau=109,981 alpha=0.0190
2026-06-16 07:40:56.750 | INFO     | __main__:run_cell:486 -     2Q/ghz/s42 step=300,000 best_F=0.9997 plateau=119,981 alpha=0.0190
2026-06-16 07:45:21.169 | INFO     | __main__:run_cell:486 -     2Q/ghz/s42 step=310,000 best_F=0.9997 plateau=129,981 alpha=0.0190
2026-06-16 07:49:45.604 | INFO     | __main__:run_cell:486 -     2Q/ghz/s42 step=320,000 best_F=0.9997 plateau=139,981 alpha=0.0190
2026-06-16 07:54:09.309 | INFO     | __main__:run_cell:486 -     2Q/ghz/s42 step=330,000 best_F=0.9997 plateau=149,981 alpha=0.0190
2026-06-16 07:56:59.919 | INFO     | __main__:run_cell:482 -     SLM correction applied at step=336452
2026-06-16 07:58:33.539 | INFO     | __main__:run_cell:486 -     2Q/ghz/s42 step=340,000 best_F=0.9997 plateau=159,981 alpha=0.0190
2026-06-16 08:01:30.233 | INFO     | __main__:run_cell:491 -     PLATEAU → early stop at step=346685
2026-06-16 08:01:30.236 | INFO     | __main__:run_qubit_level:677 -   ✓ 2Q/GHZ/s42 → best_F=0.9997
Traceback (most recent call last):
  File "/home/ralshehri0468/quasar_v13/quasar_v13_adaptive.py", line 904, in <module>
    main()
  File "/home/ralshehri0468/quasar_v13/quasar_v13_adaptive.py", line 828, in main
    cell_results, best_agent = run_qubit_level(
                               ^^^^^^^^^^^^^^^^
  File "/home/ralshehri0468/quasar_v13/quasar_v13_adaptive.py", line 691, in run_qubit_level
    if _best_agent_cell is not None and best_F > level_best_F:
       ^^^^^^^
NameError: name 'factory' is not defined
