=== System ===
Node: kcn501
| NVIDIA-SMI 550.144.03             Driver Version: 550.144.03     CUDA Version: 12.4     |
|   0  NVIDIA A100-PCIE-40GB          Off |   00000000:1F:00.0 Off |                    0 |

=== Installing cuda-python ===
Downloading cuda_python-12.9.0-py3-none-any.whl (7.5 kB)
Downloading cuda_bindings-12.9.0-cp312-cp312-manylinux_2_17_x86_64.manylinux2014_x86_64.whl (12.2 MB)
   ━━━━━━━━━━━━━━━━━━━━━━━━━━━━━━━━━━━━━━━━ 12.2/12.2 MB 20.8 MB/s eta 0:00:00
Installing collected packages: cuda-bindings, cuda-python
Successfully installed cuda-bindings-12.9.0 cuda-python-12.9.0
EXIT: 0

=== Verify CuPy ===
Traceback (most recent call last):
  File "<string>", line 2, in <module>
  File "/home/ralshehri0468/.conda/envs/quantum_drl_gpu/lib/python3.12/site-packages/cupy/__init__.py", line 14, in <module>
    _environment._preload_library('cutensor')  # NOQA
    ^^^^^^^^^^^^^^^^^^^^^^^^^^^^^^^^^^^^^^^^^
  File "/home/ralshehri0468/.conda/envs/quantum_drl_gpu/lib/python3.12/site-packages/cupy/_environment.py", line 392, in _preload_library
    from cuda.pathfinder import (
ModuleNotFoundError: No module named 'cuda.pathfinder'

Saved activate_gpu.sh
CuPy still not working
=== Trying CuPy 13.x (no cuda-python needed) ===
Found existing installation: cupy-cuda12x 14.0.1
Uninstalling cupy-cuda12x-14.0.1:
  Successfully uninstalled cupy-cuda12x-14.0.1
Using cached cupy_cuda12x-13.3.0-cp312-cp312-manylinux2014_x86_64.whl (91.0 MB)
Installing collected packages: cupy-cuda12x
Successfully installed cupy-cuda12x-13.3.0
Traceback (most recent call last):
  File "/home/ralshehri0468/.conda/envs/quantum_drl_gpu/lib/python3.12/site-packages/cupy/__init__.py", line 16, in <module>
    from cupy import _core  # NOQA
    ^^^^^^^^^^^^^^^^^^^^^^
  File "/home/ralshehri0468/.conda/envs/quantum_drl_gpu/lib/python3.12/site-packages/cupy/_core/__init__.py", line 3, in <module>
    from cupy._core import core  # NOQA
    ^^^^^^^^^^^^^^^^^^^^^^^^^^^
  File "cupy/_core/core.pyx", line 1, in init cupy._core.core
  File "/home/ralshehri0468/.conda/envs/quantum_drl_gpu/lib/python3.12/site-packages/cupy/cuda/__init__.py", line 9, in <module>
    from cupy.cuda import compiler  # NOQA
    ^^^^^^^^^^^^^^^^^^^^^^^^^^^^^^
  File "/home/ralshehri0468/.conda/envs/quantum_drl_gpu/lib/python3.12/site-packages/cupy/cuda/compiler.py", line 14, in <module>
    from cupy.cuda import function
  File "cupy/cuda/function.pyx", line 1, in init cupy.cuda.function
  File "cupy/_core/_carray.pyx", line 1, in init cupy._core._carray
  File "cupy/_core/internal.pyx", line 1, in init cupy._core.internal
  File "cupy/cuda/memory.pyx", line 1, in init cupy.cuda.memory
ModuleNotFoundError: No module named 'fastrlock'

The above exception was the direct cause of the following exception:

Traceback (most recent call last):
  File "<string>", line 2, in <module>
  File "/home/ralshehri0468/.conda/envs/quantum_drl_gpu/lib/python3.12/site-packages/cupy/__init__.py", line 18, in <module>
    raise ImportError(f'''
ImportError: 
================================================================
Failed to import CuPy.

If you installed CuPy via wheels (cupy-cudaXXX or cupy-rocm-X-X), make sure that the package matches with the version of CUDA or ROCm installed.

On Linux, you may need to set LD_LIBRARY_PATH environment variable depending on how you installed CUDA/ROCm.
On Windows, try setting CUDA_PATH environment variable.

Check the Installation Guide for details:
  https://docs.cupy.dev/en/latest/install.html

Original error:
  ModuleNotFoundError: No module named 'fastrlock'
================================================================

CUPY INSTALLATION FAILED COMPLETELY

=== DONE ===
End: Fri Apr  3 21:44:15 +03 2026
